Archive member included to satisfy reference by file (symbol)

c:/ac6/systemworkbench/plugins/fr.ac6.mcu.externaltools.arm-none.win32_1.16.0.201807130628/tools/compiler/bin/../lib/gcc/arm-none-eabi/7.2.1/../../../../arm-none-eabi/lib/thumb/v7e-m/fpv4-sp/hard\libc_nano.a(lib_a-errno.o)
                              Application/SW4STM32/syscalls.o (__errno)
c:/ac6/systemworkbench/plugins/fr.ac6.mcu.externaltools.arm-none.win32_1.16.0.201807130628/tools/compiler/bin/../lib/gcc/arm-none-eabi/7.2.1/../../../../arm-none-eabi/lib/thumb/v7e-m/fpv4-sp/hard\libc_nano.a(lib_a-exit.o)
                              c:/ac6/systemworkbench/plugins/fr.ac6.mcu.externaltools.arm-none.win32_1.16.0.201807130628/tools/compiler/bin/../lib/gcc/arm-none-eabi/7.2.1/../../../../arm-none-eabi/lib/thumb/v7e-m/fpv4-sp/hard/crt0.o (exit)
c:/ac6/systemworkbench/plugins/fr.ac6.mcu.externaltools.arm-none.win32_1.16.0.201807130628/tools/compiler/bin/../lib/gcc/arm-none-eabi/7.2.1/../../../../arm-none-eabi/lib/thumb/v7e-m/fpv4-sp/hard\libc_nano.a(lib_a-impure.o)
                              c:/ac6/systemworkbench/plugins/fr.ac6.mcu.externaltools.arm-none.win32_1.16.0.201807130628/tools/compiler/bin/../lib/gcc/arm-none-eabi/7.2.1/../../../../arm-none-eabi/lib/thumb/v7e-m/fpv4-sp/hard\libc_nano.a(lib_a-exit.o) (_global_impure_ptr)
c:/ac6/systemworkbench/plugins/fr.ac6.mcu.externaltools.arm-none.win32_1.16.0.201807130628/tools/compiler/bin/../lib/gcc/arm-none-eabi/7.2.1/../../../../arm-none-eabi/lib/thumb/v7e-m/fpv4-sp/hard\libc_nano.a(lib_a-init.o)
                              c:/ac6/systemworkbench/plugins/fr.ac6.mcu.externaltools.arm-none.win32_1.16.0.201807130628/tools/compiler/bin/../lib/gcc/arm-none-eabi/7.2.1/../../../../arm-none-eabi/lib/thumb/v7e-m/fpv4-sp/hard/crt0.o (__libc_init_array)
c:/ac6/systemworkbench/plugins/fr.ac6.mcu.externaltools.arm-none.win32_1.16.0.201807130628/tools/compiler/bin/../lib/gcc/arm-none-eabi/7.2.1/../../../../arm-none-eabi/lib/thumb/v7e-m/fpv4-sp/hard\libc_nano.a(lib_a-memcpy-stub.o)
                              Middlewares/FreeRTOS/queue.o (memcpy)
c:/ac6/systemworkbench/plugins/fr.ac6.mcu.externaltools.arm-none.win32_1.16.0.201807130628/tools/compiler/bin/../lib/gcc/arm-none-eabi/7.2.1/../../../../arm-none-eabi/lib/thumb/v7e-m/fpv4-sp/hard\libc_nano.a(lib_a-memset.o)
                              c:/ac6/systemworkbench/plugins/fr.ac6.mcu.externaltools.arm-none.win32_1.16.0.201807130628/tools/compiler/bin/../lib/gcc/arm-none-eabi/7.2.1/../../../../arm-none-eabi/lib/thumb/v7e-m/fpv4-sp/hard/crt0.o (memset)

Allocating common symbols
Common symbol       size              file

sFilterConfig       0x28              Application/User/can.o
defaultTaskHandle   0x4               Application/User/freertos.o
hcan                0x28              Application/User/can.o
uwTick              0x4               Drivers/STM32F3xx_HAL_Driver/stm32f3xx_hal.o
xQueueRegistry      0x40              Middlewares/FreeRTOS/queue.o
pFlash              0x20              Drivers/STM32F3xx_HAL_Driver/stm32f3xx_hal_flash.o
TaskGetCanHandle    0x4               Application/User/freertos.o
TaskSendCanHandle   0x4               Application/User/freertos.o
TxData              0x8               Application/User/can.o
TxMailbox           0x4               Application/User/can.o
RxData              0x8               Application/User/can.o
TxHeader            0x18              Application/User/can.o
RxHeader            0x1c              Application/User/can.o

Discarded input sections

 .text          0x00000000        0x0 c:/ac6/systemworkbench/plugins/fr.ac6.mcu.externaltools.arm-none.win32_1.16.0.201807130628/tools/compiler/bin/../lib/gcc/arm-none-eabi/7.2.1/thumb/v7e-m/fpv4-sp/hard/crti.o
 .data          0x00000000        0x0 c:/ac6/systemworkbench/plugins/fr.ac6.mcu.externaltools.arm-none.win32_1.16.0.201807130628/tools/compiler/bin/../lib/gcc/arm-none-eabi/7.2.1/thumb/v7e-m/fpv4-sp/hard/crti.o
 .bss           0x00000000        0x0 c:/ac6/systemworkbench/plugins/fr.ac6.mcu.externaltools.arm-none.win32_1.16.0.201807130628/tools/compiler/bin/../lib/gcc/arm-none-eabi/7.2.1/thumb/v7e-m/fpv4-sp/hard/crti.o
 .data          0x00000000        0x4 c:/ac6/systemworkbench/plugins/fr.ac6.mcu.externaltools.arm-none.win32_1.16.0.201807130628/tools/compiler/bin/../lib/gcc/arm-none-eabi/7.2.1/thumb/v7e-m/fpv4-sp/hard/crtbegin.o
 .text          0x00000000       0x74 c:/ac6/systemworkbench/plugins/fr.ac6.mcu.externaltools.arm-none.win32_1.16.0.201807130628/tools/compiler/bin/../lib/gcc/arm-none-eabi/7.2.1/../../../../arm-none-eabi/lib/thumb/v7e-m/fpv4-sp/hard/crt0.o
 .data          0x00000000        0x0 c:/ac6/systemworkbench/plugins/fr.ac6.mcu.externaltools.arm-none.win32_1.16.0.201807130628/tools/compiler/bin/../lib/gcc/arm-none-eabi/7.2.1/../../../../arm-none-eabi/lib/thumb/v7e-m/fpv4-sp/hard/crt0.o
[...]
Memory Configuration

Name             Origin             Length             Attributes
RAM              0x20000000         0x00003000         xrw
CCMRAM           0x10000000         0x00001000         rw
FLASH            0x08000000         0x00010000         xr
*default*        0x00000000         0xffffffff

Linker script and memory map

LOAD c:/ac6/systemworkbench/plugins/fr.ac6.mcu.externaltools.arm-none.win32_1.16.0.201807130628/tools/compiler/bin/../lib/gcc/arm-none-eabi/7.2.1/thumb/v7e-m/fpv4-sp/hard/crti.o
LOAD c:/ac6/systemworkbench/plugins/fr.ac6.mcu.externaltools.arm-none.win32_1.16.0.201807130628/tools/compiler/bin/../lib/gcc/arm-none-eabi/7.2.1/thumb/v7e-m/fpv4-sp/hard/crtbegin.o
LOAD c:/ac6/systemworkbench/plugins/fr.ac6.mcu.externaltools.arm-none.win32_1.16.0.201807130628/tools/compiler/bin/../lib/gcc/arm-none-eabi/7.2.1/../../../../arm-none-eabi/lib/thumb/v7e-m/fpv4-sp/hard/crt0.o
LOAD Application/SW4STM32/startup_stm32f303x8.o
LOAD Application/SW4STM32/syscalls.o
LOAD Application/User/can.o
LOAD Application/User/freertos.o
LOAD Application/User/gpio.o
LOAD Application/User/main.o
LOAD Application/User/stm32f3xx_hal_msp.o
LOAD Application/User/stm32f3xx_it.o
LOAD Drivers/CMSIS/system_stm32f3xx.o
LOAD Drivers/STM32F3xx_HAL_Driver/stm32f3xx_hal.o
LOAD Drivers/STM32F3xx_HAL_Driver/stm32f3xx_hal_can.o
LOAD Drivers/STM32F3xx_HAL_Driver/stm32f3xx_hal_cortex.o
LOAD Drivers/STM32F3xx_HAL_Driver/stm32f3xx_hal_dma.o
LOAD Drivers/STM32F3xx_HAL_Driver/stm32f3xx_hal_flash.o
LOAD Drivers/STM32F3xx_HAL_Driver/stm32f3xx_hal_flash_ex.o
LOAD Drivers/STM32F3xx_HAL_Driver/stm32f3xx_hal_gpio.o
LOAD Drivers/STM32F3xx_HAL_Driver/stm32f3xx_hal_i2c.o
LOAD Drivers/STM32F3xx_HAL_Driver/stm32f3xx_hal_i2c_ex.o
LOAD Drivers/STM32F3xx_HAL_Driver/stm32f3xx_hal_pwr.o
LOAD Drivers/STM32F3xx_HAL_Driver/stm32f3xx_hal_pwr_ex.o
LOAD Drivers/STM32F3xx_HAL_Driver/stm32f3xx_hal_rcc.o
LOAD Drivers/STM32F3xx_HAL_Driver/stm32f3xx_hal_rcc_ex.o
LOAD Drivers/STM32F3xx_HAL_Driver/stm32f3xx_hal_tim.o
LOAD Drivers/STM32F3xx_HAL_Driver/stm32f3xx_hal_tim_ex.o
LOAD Middlewares/FreeRTOS/cmsis_os.o
LOAD Middlewares/FreeRTOS/croutine.o
LOAD Middlewares/FreeRTOS/event_groups.o
LOAD Middlewares/FreeRTOS/heap_4.o
LOAD Middlewares/FreeRTOS/list.o
LOAD Middlewares/FreeRTOS/port.o
LOAD Middlewares/FreeRTOS/queue.o
LOAD Middlewares/FreeRTOS/tasks.o
LOAD Middlewares/FreeRTOS/timers.o
LOAD c:/ac6/systemworkbench/plugins/fr.ac6.mcu.externaltools.arm-none.win32_1.16.0.201807130628/tools/compiler/bin/../lib/gcc/arm-none-eabi/7.2.1/../../../../arm-none-eabi/lib/thumb/v7e-m/fpv4-sp/hard\libm.a
START GROUP
LOAD c:/ac6/systemworkbench/plugins/fr.ac6.mcu.externaltools.arm-none.win32_1.16.0.201807130628/tools/compiler/bin/../lib/gcc/arm-none-eabi/7.2.1/thumb/v7e-m/fpv4-sp/hard\libgcc.a
LOAD c:/ac6/systemworkbench/plugins/fr.ac6.mcu.externaltools.arm-none.win32_1.16.0.201807130628/tools/compiler/bin/../lib/gcc/arm-none-eabi/7.2.1/../../../../arm-none-eabi/lib/thumb/v7e-m/fpv4-sp/hard\libc_nano.a
END GROUP
START GROUP
LOAD c:/ac6/systemworkbench/plugins/fr.ac6.mcu.externaltools.arm-none.win32_1.16.0.201807130628/tools/compiler/bin/../lib/gcc/arm-none-eabi/7.2.1/thumb/v7e-m/fpv4-sp/hard\libgcc.a
LOAD c:/ac6/systemworkbench/plugins/fr.ac6.mcu.externaltools.arm-none.win32_1.16.0.201807130628/tools/compiler/bin/../lib/gcc/arm-none-eabi/7.2.1/../../../../arm-none-eabi/lib/thumb/v7e-m/fpv4-sp/hard\libc_nano.a
LOAD c:/ac6/systemworkbench/plugins/fr.ac6.mcu.externaltools.arm-none.win32_1.16.0.201807130628/tools/compiler/bin/../lib/gcc/arm-none-eabi/7.2.1/../../../../arm-none-eabi/lib/thumb/v7e-m/fpv4-sp/hard\libnosys.a
END GROUP
START GROUP
LOAD c:/ac6/systemworkbench/plugins/fr.ac6.mcu.externaltools.arm-none.win32_1.16.0.201807130628/tools/compiler/bin/../lib/gcc/arm-none-eabi/7.2.1/thumb/v7e-m/fpv4-sp/hard\libgcc.a
LOAD c:/ac6/systemworkbench/plugins/fr.ac6.mcu.externaltools.arm-none.win32_1.16.0.201807130628/tools/compiler/bin/../lib/gcc/arm-none-eabi/7.2.1/../../../../arm-none-eabi/lib/thumb/v7e-m/fpv4-sp/hard\libc_nano.a
LOAD c:/ac6/systemworkbench/plugins/fr.ac6.mcu.externaltools.arm-none.win32_1.16.0.201807130628/tools/compiler/bin/../lib/gcc/arm-none-eabi/7.2.1/../../../../arm-none-eabi/lib/thumb/v7e-m/fpv4-sp/hard\libnosys.a
END GROUP
LOAD c:/ac6/systemworkbench/plugins/fr.ac6.mcu.externaltools.arm-none.win32_1.16.0.201807130628/tools/compiler/bin/../lib/gcc/arm-none-eabi/7.2.1/thumb/v7e-m/fpv4-sp/hard/crtend.o
LOAD c:/ac6/systemworkbench/plugins/fr.ac6.mcu.externaltools.arm-none.win32_1.16.0.201807130628/tools/compiler/bin/../lib/gcc/arm-none-eabi/7.2.1/thumb/v7e-m/fpv4-sp/hard/crtn.o
                0x20003000                _estack = 0x20003000
                0x00000200                _Min_Heap_Size = 0x200
                0x00000400                _Min_Stack_Size = 0x400

.isr_vector     0x08000000      0x188
                0x08000000                . = ALIGN (0x4)
 *(.isr_vector)
 .isr_vector    0x08000000      0x188 Application/SW4STM32/startup_stm32f303x8.o
                0x08000000                g_pfnVectors
                0x08000188                . = ALIGN (0x4)

.text           0x08000190     0x24f8
                0x08000190                . = ALIGN (0x4)
 *(.text)
 .text          0x08000190       0x40 c:/ac6/systemworkbench/plugins/fr.ac6.mcu.externaltools.arm-none.win32_1.16.0.201807130628/tools/compiler/bin/../lib/gcc/arm-none-eabi/7.2.1/thumb/v7e-m/fpv4-sp/hard/crtbegin.o
 *(.text*)
 .text.Reset_Handler
                0x080001d0       0x50 Application/SW4STM32/startup_stm32f303x8.o
                0x080001d0                Reset_Handler
 .text.Default_Handler
                0x08000220        0x2 Application/SW4STM32/startup_stm32f303x8.o
                0x08000220                RTC_Alarm_IRQHandler
                0x08000220                TIM1_CC_IRQHandler
                0x08000220                PVD_IRQHandler
                0x08000220                TAMP_STAMP_IRQHandler
                0x08000220                EXTI3_IRQHandler
                0x08000220                EXTI0_IRQHandler
                0x08000220                FPU_IRQHandler
                0x08000220                TIM1_UP_TIM16_IRQHandler
                0x08000220                ADC1_2_IRQHandler
                0x08000220                SPI1_IRQHandler
                0x08000220                CAN_SCE_IRQHandler
                0x08000220                DMA1_Channel4_IRQHandler
                0x08000220                USART3_IRQHandler
                0x08000220                DMA1_Channel7_IRQHandler
                0x08000220                TIM7_DAC2_IRQHandler
                0x08000220                CAN_RX1_IRQHandler
                0x08000220                I2C1_EV_IRQHandler
                0x08000220                DMA1_Channel6_IRQHandler
                0x08000220                TIM3_IRQHandler
                0x08000220                RCC_IRQHandler
                0x08000220                DMA1_Channel1_IRQHandler
                0x08000220                Default_Handler
                0x08000220                EXTI15_10_IRQHandler
                0x08000220                COMP2_IRQHandler
                0x08000220                TIM6_DAC1_IRQHandler
                0x08000220                EXTI9_5_IRQHandler
                0x08000220                RTC_WKUP_IRQHandler
                0x08000220                DMA1_Channel5_IRQHandler
                0x08000220                EXTI4_IRQHandler
                0x08000220                TIM1_TRG_COM_TIM17_IRQHandler
                0x08000220                DMA1_Channel3_IRQHandler
                0x08000220                WWDG_IRQHandler
                0x08000220                TIM2_IRQHandler
                0x08000220                EXTI1_IRQHandler
                0x08000220                COMP4_6_IRQHandler
                0x08000220                USART2_IRQHandler
                0x08000220                DMA1_Channel2_IRQHandler
                0x08000220                FLASH_IRQHandler
                0x08000220                USART1_IRQHandler
                0x08000220                I2C1_ER_IRQHandler
                0x08000220                EXTI2_TSC_IRQHandler
                0x08000220                TIM1_BRK_TIM15_IRQHandler
 *fill*         0x08000222        0x2 
 .text.MX_CAN_Init
                0x08000224       0x40 Application/User/can.o
                0x08000224                MX_CAN_Init
 .text.HAL_CAN_MspInit
                0x08000264       0x98 Application/User/can.o
                0x08000264                HAL_CAN_MspInit
 .text.HAL_CAN_TxMailbox0CompleteCallback
                0x080002fc        0x2 Application/User/can.o
                0x080002fc                HAL_CAN_TxMailbox0CompleteCallback
 *fill*         0x080002fe        0x2 
 .text.HAL_CAN_RxFifo0MsgPendingCallback
                0x08000300       0x20 Application/User/can.o
                0x08000300                HAL_CAN_RxFifo0MsgPendingCallback
 .text.JDO_GetCan
                0x08000320      0x144 Application/User/can.o
                0x08000320                JDO_GetCan
 .text.JDO_CanInit
                0x08000464       0x9c Application/User/can.o
                0x08000464                JDO_CanInit
 .text.StartDefaultTask
                0x08000500        0x2 Application/User/freertos.o
                0x08000500                StartDefaultTask
 .text.TaskSend
                0x08000502        0xc Application/User/freertos.o
                0x08000502                TaskSend
 *fill*         0x0800050e        0x2 
 .text.TaskGet  0x08000510       0x24 Application/User/freertos.o
                0x08000510                TaskGet
 .text.MX_FREERTOS_Init
                0x08000534       0x64 Application/User/freertos.o
                0x08000534                MX_FREERTOS_Init
 .text.newCanMessage
                0x08000598        0xc Application/User/freertos.o
                0x08000598                newCanMessage
 .text.MX_GPIO_Init
                0x080005a4       0xf0 Application/User/gpio.o
                0x080005a4                MX_GPIO_Init
 .text.Error_Handler
                0x08000694        0x2 Application/User/main.o
                0x08000694                Error_Handler
 .text.SystemClock_Config
                0x08000696       0x52 Application/User/main.o
                0x08000696                SystemClock_Config
 .text.main     0x080006e8       0x20 Application/User/main.o
                0x080006e8                main
 .text.HAL_MspInit
                0x08000708       0x40 Application/User/stm32f3xx_hal_msp.o
                0x08000708                HAL_MspInit
 .text.NMI_Handler
                0x08000748        0x2 Application/User/stm32f3xx_it.o
                0x08000748                NMI_Handler
 .text.HardFault_Handler
                0x0800074a        0x2 Application/User/stm32f3xx_it.o
                0x0800074a                HardFault_Handler
 .text.MemManage_Handler
                0x0800074c        0x2 Application/User/stm32f3xx_it.o
                0x0800074c                MemManage_Handler
 .text.BusFault_Handler
                0x0800074e        0x2 Application/User/stm32f3xx_it.o
                0x0800074e                BusFault_Handler
 .text.UsageFault_Handler
                0x08000750        0x2 Application/User/stm32f3xx_it.o
                0x08000750                UsageFault_Handler
 .text.DebugMon_Handler
                0x08000752        0x2 Application/User/stm32f3xx_it.o
                0x08000752                DebugMon_Handler
 .text.SysTick_Handler
                0x08000754        0xc Application/User/stm32f3xx_it.o
                0x08000754                SysTick_Handler
 .text.CAN_TX_IRQHandler
                0x08000760       0x10 Application/User/stm32f3xx_it.o
                0x08000760                CAN_TX_IRQHandler
 .text.CAN_RX0_IRQHandler
                0x08000770       0x10 Application/User/stm32f3xx_it.o
                0x08000770                CAN_RX0_IRQHandler
 .text.SystemInit
                0x08000780       0x68 Drivers/CMSIS/system_stm32f3xx.o
                0x08000780                SystemInit
 .text.HAL_InitTick
                0x080007e8       0x48 Drivers/STM32F3xx_HAL_Driver/stm32f3xx_hal.o
                0x080007e8                HAL_InitTick
 .text.HAL_Init
                0x08000830       0x24 Drivers/STM32F3xx_HAL_Driver/stm32f3xx_hal.o
                0x08000830                HAL_Init
 .text.HAL_IncTick
                0x08000854       0x18 Drivers/STM32F3xx_HAL_Driver/stm32f3xx_hal.o
                0x08000854                HAL_IncTick
 .text.HAL_GetTick
                0x0800086c        0xc Drivers/STM32F3xx_HAL_Driver/stm32f3xx_hal.o
                0x0800086c                HAL_GetTick
 .text.HAL_CAN_Init
                0x08000878      0x14c Drivers/STM32F3xx_HAL_Driver/stm32f3xx_hal_can.o
                0x08000878                HAL_CAN_Init
 .text.HAL_CAN_ConfigFilter
                0x080009c4       0xfc Drivers/STM32F3xx_HAL_Driver/stm32f3xx_hal_can.o
                0x080009c4                HAL_CAN_ConfigFilter
 .text.HAL_CAN_Start
                0x08000ac0       0x5c Drivers/STM32F3xx_HAL_Driver/stm32f3xx_hal_can.o
                0x08000ac0                HAL_CAN_Start
 .text.HAL_CAN_GetRxMessage
                0x08000b1c      0x134 Drivers/STM32F3xx_HAL_Driver/stm32f3xx_hal_can.o
                0x08000b1c                HAL_CAN_GetRxMessage
 .text.HAL_CAN_ActivateNotification
                0x08000c50       0x24 Drivers/STM32F3xx_HAL_Driver/stm32f3xx_hal_can.o
                0x08000c50                HAL_CAN_ActivateNotification
 .text.HAL_CAN_TxMailbox1CompleteCallback
                0x08000c74        0x2 Drivers/STM32F3xx_HAL_Driver/stm32f3xx_hal_can.o
                0x08000c74                HAL_CAN_TxMailbox1CompleteCallback
 .text.HAL_CAN_TxMailbox2CompleteCallback
                0x08000c76        0x2 Drivers/STM32F3xx_HAL_Driver/stm32f3xx_hal_can.o
                0x08000c76                HAL_CAN_TxMailbox2CompleteCallback
 .text.HAL_CAN_TxMailbox0AbortCallback
                0x08000c78        0x2 Drivers/STM32F3xx_HAL_Driver/stm32f3xx_hal_can.o
                0x08000c78                HAL_CAN_TxMailbox0AbortCallback
 .text.HAL_CAN_TxMailbox1AbortCallback
                0x08000c7a        0x2 Drivers/STM32F3xx_HAL_Driver/stm32f3xx_hal_can.o
                0x08000c7a                HAL_CAN_TxMailbox1AbortCallback
 .text.HAL_CAN_TxMailbox2AbortCallback
                0x08000c7c        0x2 Drivers/STM32F3xx_HAL_Driver/stm32f3xx_hal_can.o
                0x08000c7c                HAL_CAN_TxMailbox2AbortCallback
 .text.HAL_CAN_RxFifo0FullCallback
                0x08000c7e        0x2 Drivers/STM32F3xx_HAL_Driver/stm32f3xx_hal_can.o
                0x08000c7e                HAL_CAN_RxFifo0FullCallback
 .text.HAL_CAN_RxFifo1MsgPendingCallback
                0x08000c80        0x2 Drivers/STM32F3xx_HAL_Driver/stm32f3xx_hal_can.o
                0x08000c80                HAL_CAN_RxFifo1MsgPendingCallback
 .text.HAL_CAN_RxFifo1FullCallback
                0x08000c82        0x2 Drivers/STM32F3xx_HAL_Driver/stm32f3xx_hal_can.o
                0x08000c82                HAL_CAN_RxFifo1FullCallback
 .text.HAL_CAN_SleepCallback
                0x08000c84        0x2 Drivers/STM32F3xx_HAL_Driver/stm32f3xx_hal_can.o
                0x08000c84                HAL_CAN_SleepCallback
 .text.HAL_CAN_WakeUpFromRxMsgCallback
                0x08000c86        0x2 Drivers/STM32F3xx_HAL_Driver/stm32f3xx_hal_can.o
                0x08000c86                HAL_CAN_WakeUpFromRxMsgCallback
 .text.HAL_CAN_ErrorCallback
                0x08000c88        0x2 Drivers/STM32F3xx_HAL_Driver/stm32f3xx_hal_can.o
                0x08000c88                HAL_CAN_ErrorCallback
 .text.HAL_CAN_IRQHandler
                0x08000c8a      0x258 Drivers/STM32F3xx_HAL_Driver/stm32f3xx_hal_can.o
                0x08000c8a                HAL_CAN_IRQHandler
 *fill*         0x08000ee2        0x2 
 .text.HAL_NVIC_SetPriorityGrouping
                0x08000ee4       0x24 Drivers/STM32F3xx_HAL_Driver/stm32f3xx_hal_cortex.o
                0x08000ee4                HAL_NVIC_SetPriorityGrouping
 .text.HAL_NVIC_SetPriority
                0x08000f08       0x68 Drivers/STM32F3xx_HAL_Driver/stm32f3xx_hal_cortex.o
                0x08000f08                HAL_NVIC_SetPriority
 .text.HAL_NVIC_EnableIRQ
                0x08000f70       0x18 Drivers/STM32F3xx_HAL_Driver/stm32f3xx_hal_cortex.o
                0x08000f70                HAL_NVIC_EnableIRQ
 .text.HAL_SYSTICK_Config
                0x08000f88       0x2c Drivers/STM32F3xx_HAL_Driver/stm32f3xx_hal_cortex.o
                0x08000f88                HAL_SYSTICK_Config
 .text.HAL_GPIO_Init
                0x08000fb4      0x188 Drivers/STM32F3xx_HAL_Driver/stm32f3xx_hal_gpio.o
                0x08000fb4                HAL_GPIO_Init
 .text.HAL_GPIO_WritePin
                0x0800113c        0xa Drivers/STM32F3xx_HAL_Driver/stm32f3xx_hal_gpio.o
                0x0800113c                HAL_GPIO_WritePin
 *fill*         0x08001146        0x2 
 .text.HAL_RCC_OscConfig
                0x08001148      0x618 Drivers/STM32F3xx_HAL_Driver/stm32f3xx_hal_rcc.o
                0x08001148                HAL_RCC_OscConfig
 .text.HAL_RCC_GetSysClockFreq
                0x08001760       0x70 Drivers/STM32F3xx_HAL_Driver/stm32f3xx_hal_rcc.o
                0x08001760                HAL_RCC_GetSysClockFreq
 .text.HAL_RCC_ClockConfig
                0x080017d0      0x1a0 Drivers/STM32F3xx_HAL_Driver/stm32f3xx_hal_rcc.o
                0x080017d0                HAL_RCC_ClockConfig
 .text.makeFreeRtosPriority
                0x08001970        0xc Middlewares/FreeRTOS/cmsis_os.o
 .text.osKernelStart
                0x0800197c        0xa Middlewares/FreeRTOS/cmsis_os.o
                0x0800197c                osKernelStart
 .text.osThreadCreate
                0x08001986       0x34 Middlewares/FreeRTOS/cmsis_os.o
                0x08001986                osThreadCreate
 .text.osDelay  0x080019ba       0x12 Middlewares/FreeRTOS/cmsis_os.o
                0x080019ba                osDelay
 .text.osSystickHandler
                0x080019cc       0x10 Middlewares/FreeRTOS/cmsis_os.o
                0x080019cc                osSystickHandler
 .text.prvHeapInit
                0x080019dc       0x54 Middlewares/FreeRTOS/heap_4.o
 .text.prvInsertBlockIntoFreeList
                0x08001a30       0x58 Middlewares/FreeRTOS/heap_4.o
 .text.pvPortMalloc
                0x08001a88      0x10c Middlewares/FreeRTOS/heap_4.o
                0x08001a88                pvPortMalloc
 .text.vPortFree
                0x08001b94       0x70 Middlewares/FreeRTOS/heap_4.o
                0x08001b94                vPortFree
 .text.vListInitialise
                0x08001c04       0x16 Middlewares/FreeRTOS/list.o
                0x08001c04                vListInitialise
 .text.vListInitialiseItem
                0x08001c1a        0x6 Middlewares/FreeRTOS/list.o
                0x08001c1a                vListInitialiseItem
 .text.vListInsertEnd
                0x08001c20       0x18 Middlewares/FreeRTOS/list.o
                0x08001c20                vListInsertEnd
 .text.vListInsert
                0x08001c38       0x34 Middlewares/FreeRTOS/list.o
                0x08001c38                vListInsert
 .text.uxListRemove
                0x08001c6c       0x26 Middlewares/FreeRTOS/list.o
                0x08001c6c                uxListRemove
 *fill*         0x08001c92        0x2 
 .text.prvTaskExitError
                0x08001c94       0x34 Middlewares/FreeRTOS/port.o
 .text.prvPortStartFirstTask
                0x08001cc8       0x20 Middlewares/FreeRTOS/port.o
 .text.vPortEnableVFP
                0x08001ce8       0x14 Middlewares/FreeRTOS/port.o
 .text.pxPortInitialiseStack
                0x08001cfc       0x2c Middlewares/FreeRTOS/port.o
                0x08001cfc                pxPortInitialiseStack
 *fill*         0x08001d28        0x8 
 .text.SVC_Handler
                0x08001d30       0x24 Middlewares/FreeRTOS/port.o
                0x08001d30                SVC_Handler
 .text.vPortEnterCritical
                0x08001d54       0x44 Middlewares/FreeRTOS/port.o
                0x08001d54                vPortEnterCritical
 .text.vPortExitCritical
                0x08001d98       0x2c Middlewares/FreeRTOS/port.o
                0x08001d98                vPortExitCritical
 *fill*         0x08001dc4        0xc 
 .text.PendSV_Handler
                0x08001dd0       0x64 Middlewares/FreeRTOS/port.o
                0x08001dd0                PendSV_Handler
 .text.xPortSysTickHandler
                0x08001e34       0x2c Middlewares/FreeRTOS/port.o
                0x08001e34                xPortSysTickHandler
 .text.vPortSetupTimerInterrupt
                0x08001e60       0x2c Middlewares/FreeRTOS/port.o
                0x08001e60                vPortSetupTimerInterrupt
 .text.xPortStartScheduler
                0x08001e8c       0xe8 Middlewares/FreeRTOS/port.o
                0x08001e8c                xPortStartScheduler
 .text.prvResetNextTaskUnblockTime
                0x08001f74       0x24 Middlewares/FreeRTOS/tasks.o
 .text.prvDeleteTCB
                0x08001f98       0x12 Middlewares/FreeRTOS/tasks.o
 .text.prvInitialiseNewTask
                0x08001faa       0x80 Middlewares/FreeRTOS/tasks.o
 *fill*         0x0800202a        0x2 
 .text.prvInitialiseTaskLists
                0x0800202c       0x58 Middlewares/FreeRTOS/tasks.o
 .text.prvAddNewTaskToReadyList
                0x08002084       0xac Middlewares/FreeRTOS/tasks.o
 .text.prvAddCurrentTaskToDelayedList
                0x08002130       0x88 Middlewares/FreeRTOS/tasks.o
 .text.xTaskCreate
                0x080021b8       0x62 Middlewares/FreeRTOS/tasks.o
                0x080021b8                xTaskCreate
 *fill*         0x0800221a        0x2 
 .text.vTaskStartScheduler
                0x0800221c       0x74 Middlewares/FreeRTOS/tasks.o
                0x0800221c                vTaskStartScheduler
 .text.vTaskSuspendAll
                0x08002290       0x14 Middlewares/FreeRTOS/tasks.o
                0x08002290                vTaskSuspendAll
 .text.xTaskIncrementTick
                0x080022a4      0x10c Middlewares/FreeRTOS/tasks.o
                0x080022a4                xTaskIncrementTick
 .text.xTaskResumeAll
                0x080023b0       0xf0 Middlewares/FreeRTOS/tasks.o
                0x080023b0                xTaskResumeAll
 .text.vTaskDelay
                0x080024a0       0x4c Middlewares/FreeRTOS/tasks.o
                0x080024a0                vTaskDelay
 .text.prvCheckTasksWaitingTermination
                0x080024ec       0x54 Middlewares/FreeRTOS/tasks.o
 .text.prvIdleTask
                0x08002540       0x28 Middlewares/FreeRTOS/tasks.o
 .text.vTaskSwitchContext
                0x08002568       0x90 Middlewares/FreeRTOS/tasks.o
                0x08002568                vTaskSwitchContext
 .text.xTaskGetSchedulerState
                0x080025f8       0x20 Middlewares/FreeRTOS/tasks.o
                0x080025f8                xTaskGetSchedulerState
 .text.__libc_init_array
                0x08002618       0x48 c:/ac6/systemworkbench/plugins/fr.ac6.mcu.externaltools.arm-none.win32_1.16.0.201807130628/tools/compiler/bin/../lib/gcc/arm-none-eabi/7.2.1/../../../../arm-none-eabi/lib/thumb/v7e-m/fpv4-sp/hard\libc_nano.a(lib_a-init.o)
                0x08002618                __libc_init_array
 .text.memset   0x08002660       0x10 c:/ac6/systemworkbench/plugins/fr.ac6.mcu.externaltools.arm-none.win32_1.16.0.201807130628/tools/compiler/bin/../lib/gcc/arm-none-eabi/7.2.1/../../../../arm-none-eabi/lib/thumb/v7e-m/fpv4-sp/hard\libc_nano.a(lib_a-memset.o)
                0x08002660                memset
 *(.glue_7)
 .glue_7        0x08002670        0x0 linker stubs
 *(.glue_7t)
 .glue_7t       0x08002670        0x0 linker stubs
 *(.eh_frame)
 .eh_frame      0x08002670        0x0 c:/ac6/systemworkbench/plugins/fr.ac6.mcu.externaltools.arm-none.win32_1.16.0.201807130628/tools/compiler/bin/../lib/gcc/arm-none-eabi/7.2.1/thumb/v7e-m/fpv4-sp/hard/crtbegin.o
 *(.init)
 .init          0x08002670        0x4 c:/ac6/systemworkbench/plugins/fr.ac6.mcu.externaltools.arm-none.win32_1.16.0.201807130628/tools/compiler/bin/../lib/gcc/arm-none-eabi/7.2.1/thumb/v7e-m/fpv4-sp/hard/crti.o
                0x08002670                _init
 .init          0x08002674        0x8 c:/ac6/systemworkbench/plugins/fr.ac6.mcu.externaltools.arm-none.win32_1.16.0.201807130628/tools/compiler/bin/../lib/gcc/arm-none-eabi/7.2.1/thumb/v7e-m/fpv4-sp/hard/crtn.o
 *(.fini)
 .fini          0x0800267c        0x4 c:/ac6/systemworkbench/plugins/fr.ac6.mcu.externaltools.arm-none.win32_1.16.0.201807130628/tools/compiler/bin/../lib/gcc/arm-none-eabi/7.2.1/thumb/v7e-m/fpv4-sp/hard/crti.o
                0x0800267c                _fini
 .fini          0x08002680        0x8 c:/ac6/systemworkbench/plugins/fr.ac6.mcu.externaltools.arm-none.win32_1.16.0.201807130628/tools/compiler/bin/../lib/gcc/arm-none-eabi/7.2.1/thumb/v7e-m/fpv4-sp/hard/crtn.o
                0x08002688                . = ALIGN (0x4)
                0x08002688                _etext = .

.vfp11_veneer   0x08002688        0x0
 .vfp11_veneer  0x08002688        0x0 linker stubs

.v4_bx          0x08002688        0x0
 .v4_bx         0x08002688        0x0 linker stubs

.iplt           0x08002688        0x0
 .iplt          0x08002688        0x0 c:/ac6/systemworkbench/plugins/fr.ac6.mcu.externaltools.arm-none.win32_1.16.0.201807130628/tools/compiler/bin/../lib/gcc/arm-none-eabi/7.2.1/thumb/v7e-m/fpv4-sp/hard/crtbegin.o

.rodata         0x08002688       0xa0
                0x08002688                . = ALIGN (0x4)
 *(.rodata)
 .rodata        0x08002688       0x3c Application/User/freertos.o
 .rodata        0x080026c4       0x18 Drivers/CMSIS/system_stm32f3xx.o
                0x080026c4                AHBPrescTable
                0x080026d4                APBPrescTable
 .rodata        0x080026dc       0x20 Drivers/STM32F3xx_HAL_Driver/stm32f3xx_hal_rcc.o
                0x080026dc                aPLLMULFactorTable
                0x080026ec                aPredivFactorTable
 *(.rodata*)
 .rodata.str1.4
                0x080026fc       0x24 Application/User/freertos.o
 .rodata.str1.4
                0x08002720        0x8 Middlewares/FreeRTOS/tasks.o
                                  0x5 (size before relaxing)
                0x08002728                . = ALIGN (0x4)

.rel.dyn        0x08002728        0x0
 .rel.iplt      0x08002728        0x0 c:/ac6/systemworkbench/plugins/fr.ac6.mcu.externaltools.arm-none.win32_1.16.0.201807130628/tools/compiler/bin/../lib/gcc/arm-none-eabi/7.2.1/thumb/v7e-m/fpv4-sp/hard/crtbegin.o

.ARM.extab
 *(.ARM.extab* .gnu.linkonce.armextab.*)

.ARM            0x08002728        0x0
                0x08002728                __exidx_start = .
 *(.ARM.exidx*)
                0x08002728                __exidx_end = .

.preinit_array  0x08002728        0x0
                0x08002728                PROVIDE (__preinit_array_start, .)
 *(.preinit_array*)
                0x08002728                PROVIDE (__preinit_array_end, .)

.init_array     0x08002728        0x4
                0x08002728                PROVIDE (__init_array_start, .)
 *(SORT_BY_NAME(.init_array.*))
 *(.init_array*)
 .init_array    0x08002728        0x4 c:/ac6/systemworkbench/plugins/fr.ac6.mcu.externaltools.arm-none.win32_1.16.0.201807130628/tools/compiler/bin/../lib/gcc/arm-none-eabi/7.2.1/thumb/v7e-m/fpv4-sp/hard/crtbegin.o
                0x0800272c                PROVIDE (__init_array_end, .)

.fini_array     0x0800272c        0x4
                [!provide]                PROVIDE (__fini_array_start, .)
 *(SORT_BY_NAME(.fini_array.*))
 *(.fini_array*)
 .fini_array    0x0800272c        0x4 c:/ac6/systemworkbench/plugins/fr.ac6.mcu.externaltools.arm-none.win32_1.16.0.201807130628/tools/compiler/bin/../lib/gcc/arm-none-eabi/7.2.1/thumb/v7e-m/fpv4-sp/hard/crtbegin.o
                [!provide]                PROVIDE (__fini_array_end, .)
                0x08002730                _sidata = LOADADDR (.data)

.data           0x20000000       0x10 load address 0x08002730
                0x20000000                . = ALIGN (0x4)
                0x20000000                _sdata = .
 *(.data)
 .data          0x20000000        0x4 Drivers/CMSIS/system_stm32f3xx.o
                0x20000000                SystemCoreClock
 .data          0x20000004        0x8 Drivers/STM32F3xx_HAL_Driver/stm32f3xx_hal.o
                0x20000004                uwTickFreq
                0x20000008                uwTickPrio
 .data          0x2000000c        0x4 Middlewares/FreeRTOS/port.o
 *(.data*)
                0x20000010                . = ALIGN (0x4)
                0x20000010                _edata = .
                0x08002740                _siccmram = LOADADDR (.ccmram)

.igot.plt       0x20000010        0x0 load address 0x08002740
 .igot.plt      0x20000010        0x0 c:/ac6/systemworkbench/plugins/fr.ac6.mcu.externaltools.arm-none.win32_1.16.0.201807130628/tools/compiler/bin/../lib/gcc/arm-none-eabi/7.2.1/thumb/v7e-m/fpv4-sp/hard/crtbegin.o

.ccmram         0x10000000        0x0 load address 0x08002740
                0x10000000                . = ALIGN (0x4)
                0x10000000                _sccmram = .
 *(.ccmram)
 *(.ccmram*)
                0x10000000                . = ALIGN (0x4)
                0x10000000                _eccmram = .
                0x10000000                . = ALIGN (0x4)

.bss            0x20000010      0xe14
                0x20000010                _sbss = .
                0x20000010                __bss_start__ = _sbss
 *(.bss)
 .bss           0x20000010       0x1c c:/ac6/systemworkbench/plugins/fr.ac6.mcu.externaltools.arm-none.win32_1.16.0.201807130628/tools/compiler/bin/../lib/gcc/arm-none-eabi/7.2.1/thumb/v7e-m/fpv4-sp/hard/crtbegin.o
 .bss           0x2000002c        0x1 Application/User/freertos.o
                0x2000002c                nCM
 *fill*         0x2000002d        0x3 
 .bss           0x20000030      0xc18 Middlewares/FreeRTOS/heap_4.o
 .bss           0x20000c48        0x8 Middlewares/FreeRTOS/port.o
 .bss           0x20000c50      0x12c Middlewares/FreeRTOS/tasks.o
                0x20000d50                pxCurrentTCB
 *(.bss*)
 *(COMMON)
 COMMON         0x20000d7c       0x98 Application/User/can.o
                0x20000d7c                sFilterConfig
                0x20000da4                hcan
                0x20000dcc                TxData
                0x20000dd4                TxMailbox
                0x20000dd8                RxData
                0x20000de0                TxHeader
                0x20000df8                RxHeader
 COMMON         0x20000e14        0xc Application/User/freertos.o
                0x20000e14                defaultTaskHandle
                0x20000e18                TaskGetCanHandle
                0x20000e1c                TaskSendCanHandle
 COMMON         0x20000e20        0x4 Drivers/STM32F3xx_HAL_Driver/stm32f3xx_hal.o
                0x20000e20                uwTick
                0x20000e24                . = ALIGN (0x4)
                0x20000e24                _ebss = .
                0x20000e24                __bss_end__ = _ebss

._user_heap_stack
                0x20000e24      0x604
                0x20000e28                . = ALIGN (0x8)
 *fill*         0x20000e24        0x4 
                0x20000e28                PROVIDE (end, .)
                [!provide]                PROVIDE (_end, .)
                0x20001028                . = (. + _Min_Heap_Size)
 *fill*         0x20000e28      0x200 
                0x20001428                . = (. + _Min_Stack_Size)
 *fill*         0x20001028      0x400 
                0x20001428                . = ALIGN (0x8)

/DISCARD/
 libc.a(*)
 libm.a(*)
 libgcc.a(*)

.ARM.attributes
                0x00000000       0x30
 *(.ARM.attributes)
 .ARM.attributes
                0x00000000       0x22 c:/ac6/systemworkbench/plugins/fr.ac6.mcu.externaltools.arm-none.win32_1.16.0.201807130628/tools/compiler/bin/../lib/gcc/arm-none-eabi/7.2.1/thumb/v7e-m/fpv4-sp/hard/crti.o
 .ARM.attributes
                0x00000022       0x34 c:/ac6/systemworkbench/plugins/fr.ac6.mcu.externaltools.arm-none.win32_1.16.0.201807130628/tools/compiler/bin/../lib/gcc/arm-none-eabi/7.2.1/thumb/v7e-m/fpv4-sp/hard/crtbegin.o
 .ARM.attributes
                0x00000056       0x21 Application/SW4STM32/startup_stm32f303x8.o
 .ARM.attributes
                0x00000077       0x39 Application/User/can.o
 .ARM.attributes
                0x000000b0       0x39 Application/User/freertos.o
 .ARM.attributes
                0x000000e9       0x39 Application/User/gpio.o
 .ARM.attributes
                0x00000122       0x39 Application/User/main.o
 .ARM.attributes
                0x0000015b       0x39 Application/User/stm32f3xx_hal_msp.o
 .ARM.attributes
                0x00000194       0x39 Application/User/stm32f3xx_it.o
 .ARM.attributes
                0x000001cd       0x39 Drivers/CMSIS/system_stm32f3xx.o
 .ARM.attributes
                0x00000206       0x39 Drivers/STM32F3xx_HAL_Driver/stm32f3xx_hal.o
 .ARM.attributes
                0x0000023f       0x39 Drivers/STM32F3xx_HAL_Driver/stm32f3xx_hal_can.o
 .ARM.attributes
                0x00000278       0x39 Drivers/STM32F3xx_HAL_Driver/stm32f3xx_hal_cortex.o
 .ARM.attributes
                0x000002b1       0x39 Drivers/STM32F3xx_HAL_Driver/stm32f3xx_hal_gpio.o
 .ARM.attributes
                0x000002ea       0x39 Drivers/STM32F3xx_HAL_Driver/stm32f3xx_hal_rcc.o
 .ARM.attributes
                0x00000323       0x39 Middlewares/FreeRTOS/cmsis_os.o
 .ARM.attributes
                0x0000035c       0x39 Middlewares/FreeRTOS/heap_4.o
 .ARM.attributes
                0x00000395       0x39 Middlewares/FreeRTOS/list.o
 .ARM.attributes
                0x000003ce       0x39 Middlewares/FreeRTOS/port.o
 .ARM.attributes
                0x00000407       0x39 Middlewares/FreeRTOS/tasks.o
 .ARM.attributes
                0x00000440       0x34 c:/ac6/systemworkbench/plugins/fr.ac6.mcu.externaltools.arm-none.win32_1.16.0.201807130628/tools/compiler/bin/../lib/gcc/arm-none-eabi/7.2.1/../../../../arm-none-eabi/lib/thumb/v7e-m/fpv4-sp/hard\libc_nano.a(lib_a-init.o)
 .ARM.attributes
                0x00000474       0x34 c:/ac6/systemworkbench/plugins/fr.ac6.mcu.externaltools.arm-none.win32_1.16.0.201807130628/tools/compiler/bin/../lib/gcc/arm-none-eabi/7.2.1/../../../../arm-none-eabi/lib/thumb/v7e-m/fpv4-sp/hard\libc_nano.a(lib_a-memset.o)
 .ARM.attributes
                0x000004a8       0x22 c:/ac6/systemworkbench/plugins/fr.ac6.mcu.externaltools.arm-none.win32_1.16.0.201807130628/tools/compiler/bin/../lib/gcc/arm-none-eabi/7.2.1/thumb/v7e-m/fpv4-sp/hard/crtn.o
OUTPUT(F3_Blink_Test2.elf elf32-littlearm)

.debug_line     0x00000000     0x9a3c
 .debug_line    0x00000000       0xa3 Application/SW4STM32/startup_stm32f303x8.o
 .debug_line    0x000000a3      0x835 Application/User/can.o
 .debug_line    0x000008d8      0x980 Application/User/freertos.o
 .debug_line    0x00001258      0x763 Application/User/gpio.o
 .debug_line    0x000019bb      0x97a Application/User/main.o
 .debug_line    0x00002335      0x748 Application/User/stm32f3xx_hal_msp.o
 .debug_line    0x00002a7d      0x9bf Application/User/stm32f3xx_it.o
 .debug_line    0x0000343c      0x76f Drivers/CMSIS/system_stm32f3xx.o
 .debug_line    0x00003bab      0x91c Drivers/STM32F3xx_HAL_Driver/stm32f3xx_hal.o
 .debug_line    0x000044c7      0xc25 Drivers/STM32F3xx_HAL_Driver/stm32f3xx_hal_can.o
 .debug_line    0x000050ec      0x915 Drivers/STM32F3xx_HAL_Driver/stm32f3xx_hal_cortex.o
 .debug_line    0x00005a01      0x8a0 Drivers/STM32F3xx_HAL_Driver/stm32f3xx_hal_gpio.o
 .debug_line    0x000062a1      0xc32 Drivers/STM32F3xx_HAL_Driver/stm32f3xx_hal_rcc.o
 .debug_line    0x00006ed3      0xbe4 Middlewares/FreeRTOS/cmsis_os.o
 .debug_line    0x00007ab7      0x635 Middlewares/FreeRTOS/heap_4.o
 .debug_line    0x000080ec      0x581 Middlewares/FreeRTOS/list.o
 .debug_line    0x0000866d      0x5b2 Middlewares/FreeRTOS/port.o
 .debug_line    0x00008c1f      0xe1d Middlewares/FreeRTOS/tasks.o

.debug_info     0x00000000    0x13f84
 .debug_info    0x00000000       0x22 Application/SW4STM32/startup_stm32f303x8.o
 .debug_info    0x00000022     0x1892 Application/User/can.o
 .debug_info    0x000018b4      0xfd4 Application/User/freertos.o
 .debug_info    0x00002888      0xd0c Application/User/gpio.o
 .debug_info    0x00003594      0xfe6 Application/User/main.o
 .debug_info    0x0000457a      0xc0e Application/User/stm32f3xx_hal_msp.o
 .debug_info    0x00005188      0xe26 Application/User/stm32f3xx_it.o
 .debug_info    0x00005fae      0xc82 Drivers/CMSIS/system_stm32f3xx.o
 .debug_info    0x00006c30     0x1016 Drivers/STM32F3xx_HAL_Driver/stm32f3xx_hal.o
 .debug_info    0x00007c46     0x1954 Drivers/STM32F3xx_HAL_Driver/stm32f3xx_hal_can.o
 .debug_info    0x0000959a     0x14cf Drivers/STM32F3xx_HAL_Driver/stm32f3xx_hal_cortex.o
 .debug_info    0x0000aa69      0xff8 Drivers/STM32F3xx_HAL_Driver/stm32f3xx_hal_gpio.o
 .debug_info    0x0000ba61     0x1c80 Drivers/STM32F3xx_HAL_Driver/stm32f3xx_hal_rcc.o
 .debug_info    0x0000d6e1     0x231e Middlewares/FreeRTOS/cmsis_os.o
 .debug_info    0x0000f9ff      0xc71 Middlewares/FreeRTOS/heap_4.o
 .debug_info    0x00010670      0xacd Middlewares/FreeRTOS/list.o
 .debug_info    0x0001113d      0x532 Middlewares/FreeRTOS/port.o
 .debug_info    0x0001166f     0x2915 Middlewares/FreeRTOS/tasks.o

.debug_abbrev   0x00000000     0x2f97
 .debug_abbrev  0x00000000       0x12 Application/SW4STM32/startup_stm32f303x8.o
 .debug_abbrev  0x00000012      0x2c0 Application/User/can.o
 .debug_abbrev  0x000002d2      0x2d2 Application/User/freertos.o
 .debug_abbrev  0x000005a4      0x22b Application/User/gpio.o
 .debug_abbrev  0x000007cf      0x2ac Application/User/main.o
 .debug_abbrev  0x00000a7b      0x227 Application/User/stm32f3xx_hal_msp.o
 .debug_abbrev  0x00000ca2      0x21d Application/User/stm32f3xx_it.o
 .debug_abbrev  0x00000ebf      0x21f Drivers/CMSIS/system_stm32f3xx.o
 .debug_abbrev  0x000010de      0x2e1 Drivers/STM32F3xx_HAL_Driver/stm32f3xx_hal.o
 .debug_abbrev  0x000013bf      0x32e Drivers/STM32F3xx_HAL_Driver/stm32f3xx_hal_can.o
 .debug_abbrev  0x000016ed      0x3b1 Drivers/STM32F3xx_HAL_Driver/stm32f3xx_hal_cortex.o
 .debug_abbrev  0x00001a9e      0x2a7 Drivers/STM32F3xx_HAL_Driver/stm32f3xx_hal_gpio.o
 .debug_abbrev  0x00001d45      0x365 Drivers/STM32F3xx_HAL_Driver/stm32f3xx_hal_rcc.o
 .debug_abbrev  0x000020aa      0x3d4 Middlewares/FreeRTOS/cmsis_os.o
 .debug_abbrev  0x0000247e      0x318 Middlewares/FreeRTOS/heap_4.o
 .debug_abbrev  0x00002796      0x21c Middlewares/FreeRTOS/list.o
 .debug_abbrev  0x000029b2      0x216 Middlewares/FreeRTOS/port.o
 .debug_abbrev  0x00002bc8      0x3cf Middlewares/FreeRTOS/tasks.o

.debug_aranges  0x00000000      0x9b8
 .debug_aranges
                0x00000000       0x28 Application/SW4STM32/startup_stm32f303x8.o
 .debug_aranges
                0x00000028       0x58 Application/User/can.o
 .debug_aranges
                0x00000080       0x40 Application/User/freertos.o
 .debug_aranges
                0x000000c0       0x20 Application/User/gpio.o
 .debug_aranges
                0x000000e0       0x30 Application/User/main.o
 .debug_aranges
                0x00000110       0x20 Application/User/stm32f3xx_hal_msp.o
 .debug_aranges
                0x00000130       0x60 Application/User/stm32f3xx_it.o
 .debug_aranges
                0x00000190       0x28 Drivers/CMSIS/system_stm32f3xx.o
 .debug_aranges
                0x000001b8       0xe0 Drivers/STM32F3xx_HAL_Driver/stm32f3xx_hal.o
 .debug_aranges
                0x00000298      0x138 Drivers/STM32F3xx_HAL_Driver/stm32f3xx_hal_can.o
 .debug_aranges
                0x000003d0       0x90 Drivers/STM32F3xx_HAL_Driver/stm32f3xx_hal_cortex.o
 .debug_aranges
                0x00000460       0x58 Drivers/STM32F3xx_HAL_Driver/stm32f3xx_hal_gpio.o
 .debug_aranges
                0x000004b8       0x88 Drivers/STM32F3xx_HAL_Driver/stm32f3xx_hal_rcc.o
 .debug_aranges
                0x00000540      0x1d8 Middlewares/FreeRTOS/cmsis_os.o
 .debug_aranges
                0x00000718       0x50 Middlewares/FreeRTOS/heap_4.o
 .debug_aranges
                0x00000768       0x40 Middlewares/FreeRTOS/list.o
 .debug_aranges
                0x000007a8       0x80 Middlewares/FreeRTOS/port.o
 .debug_aranges
                0x00000828      0x190 Middlewares/FreeRTOS/tasks.o

.debug_str      0x00000000    0x84971
 .debug_str     0x00000000       0x98 Application/SW4STM32/startup_stm32f303x8.o
 .debug_str     0x00000098    0x7b9fa Application/User/can.o
                              0x7bd86 (size before relaxing)
 .debug_str     0x0007ba92     0x53e4 Application/User/freertos.o
                              0x80a7c (size before relaxing)
 .debug_str     0x00080e76       0x5a Application/User/gpio.o
                              0x7b509 (size before relaxing)
 .debug_str     0x00080ed0      0x1c8 Application/User/main.o
                              0x80a89 (size before relaxing)
 .debug_str     0x00081098       0x4a Application/User/stm32f3xx_hal_msp.o
                              0x7b747 (size before relaxing)
 .debug_str     0x000810e2       0xf0 Application/User/stm32f3xx_it.o
                              0x80973 (size before relaxing)
 .debug_str     0x000811d2       0xe5 Drivers/CMSIS/system_stm32f3xx.o
                              0x7b1d0 (size before relaxing)
 .debug_str     0x000812b7      0x40a Drivers/STM32F3xx_HAL_Driver/stm32f3xx_hal.o
                              0x7b847 (size before relaxing)
 .debug_str     0x000816c1      0x3c5 Drivers/STM32F3xx_HAL_Driver/stm32f3xx_hal_can.o
                              0x7b974 (size before relaxing)
 .debug_str     0x00081a86      0x24e Drivers/STM32F3xx_HAL_Driver/stm32f3xx_hal_cortex.o
                              0x7b7da (size before relaxing)
 .debug_str     0x00081cd4      0x270 Drivers/STM32F3xx_HAL_Driver/stm32f3xx_hal_gpio.o
                              0x7b49f (size before relaxing)
 .debug_str     0x00081f44      0x2e4 Drivers/STM32F3xx_HAL_Driver/stm32f3xx_hal_rcc.o
                              0x7b637 (size before relaxing)
 .debug_str     0x00082228      0xa13 Middlewares/FreeRTOS/cmsis_os.o
                               0xcb28 (size before relaxing)
 .debug_str     0x00082c3b      0x3b8 Middlewares/FreeRTOS/heap_4.o
                               0xa4f8 (size before relaxing)
 .debug_str     0x00082ff3      0x160 Middlewares/FreeRTOS/list.o
                               0x9db8 (size before relaxing)
 .debug_str     0x00083153      0x833 Middlewares/FreeRTOS/port.o
                               0x7d5c (size before relaxing)
 .debug_str     0x00083986      0xfeb Middlewares/FreeRTOS/tasks.o
                               0xbe4b (size before relaxing)

.debug_ranges   0x00000000      0x990
 .debug_ranges  0x00000000       0x20 Application/SW4STM32/startup_stm32f303x8.o
 .debug_ranges  0x00000020       0x48 Application/User/can.o
 .debug_ranges  0x00000068       0x30 Application/User/freertos.o
 .debug_ranges  0x00000098       0x10 Application/User/gpio.o
 .debug_ranges  0x000000a8       0x20 Application/User/main.o
 .debug_ranges  0x000000c8       0x10 Application/User/stm32f3xx_hal_msp.o
 .debug_ranges  0x000000d8       0x50 Application/User/stm32f3xx_it.o
 .debug_ranges  0x00000128       0x18 Drivers/CMSIS/system_stm32f3xx.o
 .debug_ranges  0x00000140       0xd0 Drivers/STM32F3xx_HAL_Driver/stm32f3xx_hal.o
 .debug_ranges  0x00000210      0x128 Drivers/STM32F3xx_HAL_Driver/stm32f3xx_hal_can.o
 .debug_ranges  0x00000338       0xe0 Drivers/STM32F3xx_HAL_Driver/stm32f3xx_hal_cortex.o
 .debug_ranges  0x00000418       0x48 Drivers/STM32F3xx_HAL_Driver/stm32f3xx_hal_gpio.o
 .debug_ranges  0x00000460       0x98 Drivers/STM32F3xx_HAL_Driver/stm32f3xx_hal_rcc.o
 .debug_ranges  0x000004f8      0x1c8 Middlewares/FreeRTOS/cmsis_os.o
 .debug_ranges  0x000006c0       0x40 Middlewares/FreeRTOS/heap_4.o
 .debug_ranges  0x00000700       0x30 Middlewares/FreeRTOS/list.o
 .debug_ranges  0x00000730       0x70 Middlewares/FreeRTOS/port.o
 .debug_ranges  0x000007a0      0x1f0 Middlewares/FreeRTOS/tasks.o

.debug_loc      0x00000000     0x4620
 .debug_loc     0x00000000       0x95 Application/User/can.o
 .debug_loc     0x00000095       0x42 Application/User/freertos.o
 .debug_loc     0x000000d7       0xff Drivers/CMSIS/system_stm32f3xx.o
 .debug_loc     0x000001d6       0xfd Drivers/STM32F3xx_HAL_Driver/stm32f3xx_hal.o
 .debug_loc     0x000002d3      0xc41 Drivers/STM32F3xx_HAL_Driver/stm32f3xx_hal_can.o
 .debug_loc     0x00000f14      0x5ad Drivers/STM32F3xx_HAL_Driver/stm32f3xx_hal_cortex.o
 .debug_loc     0x000014c1      0x361 Drivers/STM32F3xx_HAL_Driver/stm32f3xx_hal_gpio.o
 .debug_loc     0x00001822      0x951 Drivers/STM32F3xx_HAL_Driver/stm32f3xx_hal_rcc.o
 .debug_loc     0x00002173      0xee1 Middlewares/FreeRTOS/cmsis_os.o
 .debug_loc     0x00003054      0x291 Middlewares/FreeRTOS/heap_4.o
 .debug_loc     0x000032e5       0x70 Middlewares/FreeRTOS/list.o
 .debug_loc     0x00003355       0xdc Middlewares/FreeRTOS/port.o
 .debug_loc     0x00003431     0x11ef Middlewares/FreeRTOS/tasks.o

.debug_macro    0x00000000    0x17c48
 .debug_macro   0x00000000      0x32f Application/User/can.o
 .debug_macro   0x0000032f       0xa5 Application/User/can.o
 .debug_macro   0x000003d4       0x2f Application/User/can.o
 .debug_macro   0x00000403       0x28 Application/User/can.o
 .debug_macro   0x0000042b       0x87 Application/User/can.o
 .debug_macro   0x000004b2       0x51 Application/User/can.o
 .debug_macro   0x00000503       0xef Application/User/can.o
 .debug_macro   0x000005f2      0x1df Application/User/can.o
 .debug_macro   0x000007d1       0x35 Application/User/can.o
 .debug_macro   0x00000806       0x50 Application/User/can.o
 .debug_macro   0x00000856      0xd40 Application/User/can.o
 .debug_macro   0x00001596    0x10bf5 Application/User/can.o
 .debug_macro   0x0001218b       0x43 Application/User/can.o
 .debug_macro   0x000121ce       0x58 Application/User/can.o
 .debug_macro   0x00012226       0x16 Application/User/can.o
 .debug_macro   0x0001223c       0x97 Application/User/can.o
 .debug_macro   0x000122d3       0xfd Application/User/can.o
 .debug_macro   0x000123d0       0x49 Application/User/can.o
 .debug_macro   0x00012419      0x8ff Application/User/can.o
 .debug_macro   0x00012d18      0x304 Application/User/can.o
 .debug_macro   0x0001301c      0x13a Application/User/can.o
 .debug_macro   0x00013156      0x11b Application/User/can.o
 .debug_macro   0x00013271      0x1bc Application/User/can.o
 .debug_macro   0x0001342d       0x34 Application/User/can.o
 .debug_macro   0x00013461       0x3c Application/User/can.o
 .debug_macro   0x0001349d       0x57 Application/User/can.o
 .debug_macro   0x000134f4      0x40f Application/User/can.o
 .debug_macro   0x00013903       0xcb Application/User/can.o
 .debug_macro   0x000139ce      0x1a0 Application/User/can.o
 .debug_macro   0x00013b6e      0x209 Application/User/can.o
 .debug_macro   0x00013d77       0x5b Application/User/can.o
 .debug_macro   0x00013dd2       0x90 Application/User/can.o
 .debug_macro   0x00013e62       0x82 Application/User/can.o
 .debug_macro   0x00013ee4       0xd3 Application/User/can.o
 .debug_macro   0x00013fb7      0x28c Application/User/can.o
 .debug_macro   0x00014243       0xdc Application/User/can.o
 .debug_macro   0x0001431f      0x3bf Application/User/freertos.o
 .debug_macro   0x000146de       0xd8 Application/User/freertos.o
 .debug_macro   0x000147b6      0x168 Application/User/freertos.o
 .debug_macro   0x0001491e       0xe4 Application/User/freertos.o
 .debug_macro   0x00014a02       0x10 Application/User/freertos.o
 .debug_macro   0x00014a12       0x1f Application/User/freertos.o
 .debug_macro   0x00014a31      0x40f Application/User/freertos.o
 .debug_macro   0x00014e40       0xc0 Application/User/freertos.o
 .debug_macro   0x00014f00       0x8c Application/User/freertos.o
 .debug_macro   0x00014f8c       0x3b Application/User/freertos.o
 .debug_macro   0x00014fc7       0x91 Application/User/freertos.o
 .debug_macro   0x00015058       0x94 Application/User/freertos.o
 .debug_macro   0x000150ec       0x63 Application/User/freertos.o
 .debug_macro   0x0001514f       0x19 Application/User/freertos.o
 .debug_macro   0x00015168       0xcf Application/User/freertos.o
 .debug_macro   0x00015237      0x30d Application/User/gpio.o
 .debug_macro   0x00015544      0x3cf Application/User/main.o
 .debug_macro   0x00015913       0xd8 Application/User/main.o
 .debug_macro   0x000159eb      0x303 Application/User/stm32f3xx_hal_msp.o
 .debug_macro   0x00015cee      0x3c1 Application/User/stm32f3xx_it.o
 .debug_macro   0x000160af      0x2fa Drivers/CMSIS/system_stm32f3xx.o
 .debug_macro   0x000163a9      0x318 Drivers/STM32F3xx_HAL_Driver/stm32f3xx_hal.o
 .debug_macro   0x000166c1      0x2fc Drivers/STM32F3xx_HAL_Driver/stm32f3xx_hal_can.o
 .debug_macro   0x000169bd      0x2f4 Drivers/STM32F3xx_HAL_Driver/stm32f3xx_hal_cortex.o
 .debug_macro   0x00016cb1      0x32c Drivers/STM32F3xx_HAL_Driver/stm32f3xx_hal_gpio.o
 .debug_macro   0x00016fdd      0x318 Drivers/STM32F3xx_HAL_Driver/stm32f3xx_hal_rcc.o
 .debug_macro   0x000172f5      0x1ed Middlewares/FreeRTOS/cmsis_os.o
 .debug_macro   0x000174e2       0x10 Middlewares/FreeRTOS/cmsis_os.o
 .debug_macro   0x000174f2       0x26 Middlewares/FreeRTOS/cmsis_os.o
 .debug_macro   0x00017518      0x1a2 Middlewares/FreeRTOS/heap_4.o
 .debug_macro   0x000176ba      0x17b Middlewares/FreeRTOS/list.o
 .debug_macro   0x00017835      0x19e Middlewares/FreeRTOS/port.o
 .debug_macro   0x000179d3      0x264 Middlewares/FreeRTOS/tasks.o
 .debug_macro   0x00017c37       0x11 Middlewares/FreeRTOS/tasks.o

.comment        0x00000000       0x7e
 .comment       0x00000000       0x7e Application/User/can.o
                                 0x7f (size before relaxing)
 .comment       0x0000007e       0x7f Application/User/freertos.o
 .comment       0x0000007e       0x7f Application/User/gpio.o
 .comment       0x0000007e       0x7f Application/User/main.o
 .comment       0x0000007e       0x7f Application/User/stm32f3xx_hal_msp.o
 .comment       0x0000007e       0x7f Application/User/stm32f3xx_it.o
 .comment       0x0000007e       0x7f Drivers/CMSIS/system_stm32f3xx.o
 .comment       0x0000007e       0x7f Drivers/STM32F3xx_HAL_Driver/stm32f3xx_hal.o
 .comment       0x0000007e       0x7f Drivers/STM32F3xx_HAL_Driver/stm32f3xx_hal_can.o
 .comment       0x0000007e       0x7f Drivers/STM32F3xx_HAL_Driver/stm32f3xx_hal_cortex.o
 .comment       0x0000007e       0x7f Drivers/STM32F3xx_HAL_Driver/stm32f3xx_hal_gpio.o
 .comment       0x0000007e       0x7f Drivers/STM32F3xx_HAL_Driver/stm32f3xx_hal_rcc.o
 .comment       0x0000007e       0x7f Middlewares/FreeRTOS/cmsis_os.o
 .comment       0x0000007e       0x7f Middlewares/FreeRTOS/heap_4.o
 .comment       0x0000007e       0x7f Middlewares/FreeRTOS/list.o
 .comment       0x0000007e       0x7f Middlewares/FreeRTOS/port.o
 .comment       0x0000007e       0x7f Middlewares/FreeRTOS/tasks.o

.debug_frame    0x00000000     0x17f8
 .debug_frame   0x00000000       0xd0 Application/User/can.o
 .debug_frame   0x000000d0       0x84 Application/User/freertos.o
 .debug_frame   0x00000154       0x34 Application/User/gpio.o
 .debug_frame   0x00000188       0x58 Application/User/main.o
 .debug_frame   0x000001e0       0x2c Application/User/stm32f3xx_hal_msp.o
 .debug_frame   0x0000020c       0xb8 Application/User/stm32f3xx_it.o
 .debug_frame   0x000002c4       0x30 Drivers/CMSIS/system_stm32f3xx.o
 .debug_frame   0x000002f4      0x1cc Drivers/STM32F3xx_HAL_Driver/stm32f3xx_hal.o
 .debug_frame   0x000004c0      0x2e4 Drivers/STM32F3xx_HAL_Driver/stm32f3xx_hal_can.o
 .debug_frame   0x000007a4      0x12c Drivers/STM32F3xx_HAL_Driver/stm32f3xx_hal_cortex.o
 .debug_frame   0x000008d0       0xec Drivers/STM32F3xx_HAL_Driver/stm32f3xx_hal_gpio.o
 .debug_frame   0x000009bc      0x17c Drivers/STM32F3xx_HAL_Driver/stm32f3xx_hal_rcc.o
 .debug_frame   0x00000b38      0x584 Middlewares/FreeRTOS/cmsis_os.o
 .debug_frame   0x000010bc       0xac Middlewares/FreeRTOS/heap_4.o
 .debug_frame   0x00001168       0x6c Middlewares/FreeRTOS/list.o
 .debug_frame   0x000011d4       0xf0 Middlewares/FreeRTOS/port.o
 .debug_frame   0x000012c4      0x4e8 Middlewares/FreeRTOS/tasks.o
 .debug_frame   0x000017ac       0x2c c:/ac6/systemworkbench/plugins/fr.ac6.mcu.externaltools.arm-none.win32_1.16.0.201807130628/tools/compiler/bin/../lib/gcc/arm-none-eabi/7.2.1/../../../../arm-none-eabi/lib/thumb/v7e-m/fpv4-sp/hard\libc_nano.a(lib_a-init.o)
 .debug_frame   0x000017d8       0x20 c:/ac6/systemworkbench/plugins/fr.ac6.mcu.externaltools.arm-none.win32_1.16.0.201807130628/tools/compiler/bin/../lib/gcc/arm-none-eabi/7.2.1/../../../../arm-none-eabi/lib/thumb/v7e-m/fpv4-sp/hard\libc_nano.a(lib_a-memset.o)
