Archive member included to satisfy reference by file (symbol)

c:/ac6/systemworkbench/plugins/fr.ac6.mcu.externaltools.arm-none.win32_1.17.0.201812190825/tools/compiler/bin/../lib/gcc/arm-none-eabi/7.3.1/../../../../arm-none-eabi/lib/thumb/v7e-m/fpv4-sp/hard\libc_nano.a(lib_a-errno.o)
                              Application/SW4STM32/syscalls.o (__errno)
c:/ac6/systemworkbench/plugins/fr.ac6.mcu.externaltools.arm-none.win32_1.17.0.201812190825/tools/compiler/bin/../lib/gcc/arm-none-eabi/7.3.1/../../../../arm-none-eabi/lib/thumb/v7e-m/fpv4-sp/hard\libc_nano.a(lib_a-exit.o)
                              c:/ac6/systemworkbench/plugins/fr.ac6.mcu.externaltools.arm-none.win32_1.17.0.201812190825/tools/compiler/bin/../lib/gcc/arm-none-eabi/7.3.1/../../../../arm-none-eabi/lib/thumb/v7e-m/fpv4-sp/hard/crt0.o (exit)
c:/ac6/systemworkbench/plugins/fr.ac6.mcu.externaltools.arm-none.win32_1.17.0.201812190825/tools/compiler/bin/../lib/gcc/arm-none-eabi/7.3.1/../../../../arm-none-eabi/lib/thumb/v7e-m/fpv4-sp/hard\libc_nano.a(lib_a-impure.o)
                              c:/ac6/systemworkbench/plugins/fr.ac6.mcu.externaltools.arm-none.win32_1.17.0.201812190825/tools/compiler/bin/../lib/gcc/arm-none-eabi/7.3.1/../../../../arm-none-eabi/lib/thumb/v7e-m/fpv4-sp/hard\libc_nano.a(lib_a-exit.o) (_global_impure_ptr)
c:/ac6/systemworkbench/plugins/fr.ac6.mcu.externaltools.arm-none.win32_1.17.0.201812190825/tools/compiler/bin/../lib/gcc/arm-none-eabi/7.3.1/../../../../arm-none-eabi/lib/thumb/v7e-m/fpv4-sp/hard\libc_nano.a(lib_a-init.o)
                              c:/ac6/systemworkbench/plugins/fr.ac6.mcu.externaltools.arm-none.win32_1.17.0.201812190825/tools/compiler/bin/../lib/gcc/arm-none-eabi/7.3.1/../../../../arm-none-eabi/lib/thumb/v7e-m/fpv4-sp/hard/crt0.o (__libc_init_array)
c:/ac6/systemworkbench/plugins/fr.ac6.mcu.externaltools.arm-none.win32_1.17.0.201812190825/tools/compiler/bin/../lib/gcc/arm-none-eabi/7.3.1/../../../../arm-none-eabi/lib/thumb/v7e-m/fpv4-sp/hard\libc_nano.a(lib_a-memcpy-stub.o)
                              Middlewares/FreeRTOS/queue.o (memcpy)
c:/ac6/systemworkbench/plugins/fr.ac6.mcu.externaltools.arm-none.win32_1.17.0.201812190825/tools/compiler/bin/../lib/gcc/arm-none-eabi/7.3.1/../../../../arm-none-eabi/lib/thumb/v7e-m/fpv4-sp/hard\libc_nano.a(lib_a-memset.o)
                              c:/ac6/systemworkbench/plugins/fr.ac6.mcu.externaltools.arm-none.win32_1.17.0.201812190825/tools/compiler/bin/../lib/gcc/arm-none-eabi/7.3.1/../../../../arm-none-eabi/lib/thumb/v7e-m/fpv4-sp/hard/crt0.o (memset)

Allocating common symbols
Common symbol       size              file

sFilterConfig       0x28              Application/User/can.o
defaultTaskHandle   0x4               Application/User/freertos.o
hcan                0x28              Application/User/can.o
uwTick              0x4               Drivers/STM32F3xx_HAL_Driver/stm32f3xx_hal.o
xQueueRegistry      0x40              Middlewares/FreeRTOS/queue.o
pFlash              0x20              Drivers/STM32F3xx_HAL_Driver/stm32f3xx_hal_flash.o
TaskGetCanHandle    0x4               Application/User/freertos.o
TaskSendCanHandle   0x4               Application/User/freertos.o
TxData              0x8               Application/User/can.o
TxMailbox           0x4               Application/User/can.o
RxData              0x8               Application/User/can.o
TxHeader            0x18              Application/User/can.o
RxHeader            0x1c              Application/User/can.o

Discarded input sections

 .text          0x00000000        0x0 c:/ac6/systemworkbench/plugins/fr.ac6.mcu.externaltools.arm-none.win32_1.17.0.201812190825/tools/compiler/bin/../lib/gcc/arm-none-eabi/7.3.1/thumb/v7e-m/fpv4-sp/hard/crti.o
 .data          0x00000000        0x0 c:/ac6/systemworkbench/plugins/fr.ac6.mcu.externaltools.arm-none.win32_1.17.0.201812190825/tools/compiler/bin/../lib/gcc/arm-none-eabi/7.3.1/thumb/v7e-m/fpv4-sp/hard/crti.o
 .bss           0x00000000        0x0 c:/ac6/systemworkbench/plugins/fr.ac6.mcu.externaltools.arm-none.win32_1.17.0.201812190825/tools/compiler/bin/../lib/gcc/arm-none-eabi/7.3.1/thumb/v7e-m/fpv4-sp/hard/crti.o
 .data          0x00000000        0x4 c:/ac6/systemworkbench/plugins/fr.ac6.mcu.externaltools.arm-none.win32_1.17.0.201812190825/tools/compiler/bin/../lib/gcc/arm-none-eabi/7.3.1/thumb/v7e-m/fpv4-sp/hard/crtbegin.o
 .text          0x00000000       0x74 c:/ac6/systemworkbench/plugins/fr.ac6.mcu.externaltools.arm-none.win32_1.17.0.201812190825/tools/compiler/bin/../lib/gcc/arm-none-eabi/7.3.1/../../../../arm-none-eabi/lib/thumb/v7e-m/fpv4-sp/hard/crt0.o
 .data          0x00000000        0x0 c:/ac6/systemworkbench/plugins/fr.ac6.mcu.externaltools.arm-none.win32_1.17.0.201812190825/tools/compiler/bin/../lib/gcc/arm-none-eabi/7.3.1/../../../../arm-none-eabi/lib/thumb/v7e-m/fpv4-sp/hard/crt0.o
[...]
Memory Configuration

Name             Origin             Length             Attributes
RAM              0x20000000         0x00003000         xrw
CCMRAM           0x10000000         0x00001000         rw
FLASH            0x08000000         0x00010000         xr
*default*        0x00000000         0xffffffff

Linker script and memory map

LOAD c:/ac6/systemworkbench/plugins/fr.ac6.mcu.externaltools.arm-none.win32_1.17.0.201812190825/tools/compiler/bin/../lib/gcc/arm-none-eabi/7.3.1/thumb/v7e-m/fpv4-sp/hard/crti.o
LOAD c:/ac6/systemworkbench/plugins/fr.ac6.mcu.externaltools.arm-none.win32_1.17.0.201812190825/tools/compiler/bin/../lib/gcc/arm-none-eabi/7.3.1/thumb/v7e-m/fpv4-sp/hard/crtbegin.o
LOAD c:/ac6/systemworkbench/plugins/fr.ac6.mcu.externaltools.arm-none.win32_1.17.0.201812190825/tools/compiler/bin/../lib/gcc/arm-none-eabi/7.3.1/../../../../arm-none-eabi/lib/thumb/v7e-m/fpv4-sp/hard/crt0.o
LOAD Application/SW4STM32/startup_stm32f303x8.o
LOAD Application/SW4STM32/syscalls.o
LOAD Application/User/can.o
LOAD Application/User/freertos.o
LOAD Application/User/gpio.o
LOAD Application/User/main.o
LOAD Application/User/stm32f3xx_hal_msp.o
LOAD Application/User/stm32f3xx_it.o
LOAD Drivers/CMSIS/system_stm32f3xx.o
LOAD Drivers/STM32F3xx_HAL_Driver/stm32f3xx_hal.o
LOAD Drivers/STM32F3xx_HAL_Driver/stm32f3xx_hal_can.o
LOAD Drivers/STM32F3xx_HAL_Driver/stm32f3xx_hal_cortex.o
LOAD Drivers/STM32F3xx_HAL_Driver/stm32f3xx_hal_dma.o
LOAD Drivers/STM32F3xx_HAL_Driver/stm32f3xx_hal_flash.o
LOAD Drivers/STM32F3xx_HAL_Driver/stm32f3xx_hal_flash_ex.o
LOAD Drivers/STM32F3xx_HAL_Driver/stm32f3xx_hal_gpio.o
LOAD Drivers/STM32F3xx_HAL_Driver/stm32f3xx_hal_i2c.o
LOAD Drivers/STM32F3xx_HAL_Driver/stm32f3xx_hal_i2c_ex.o
LOAD Drivers/STM32F3xx_HAL_Driver/stm32f3xx_hal_pwr.o
LOAD Drivers/STM32F3xx_HAL_Driver/stm32f3xx_hal_pwr_ex.o
LOAD Drivers/STM32F3xx_HAL_Driver/stm32f3xx_hal_rcc.o
LOAD Drivers/STM32F3xx_HAL_Driver/stm32f3xx_hal_rcc_ex.o
LOAD Drivers/STM32F3xx_HAL_Driver/stm32f3xx_hal_tim.o
LOAD Drivers/STM32F3xx_HAL_Driver/stm32f3xx_hal_tim_ex.o
LOAD Middlewares/FreeRTOS/cmsis_os.o
LOAD Middlewares/FreeRTOS/croutine.o
LOAD Middlewares/FreeRTOS/event_groups.o
LOAD Middlewares/FreeRTOS/heap_4.o
LOAD Middlewares/FreeRTOS/list.o
LOAD Middlewares/FreeRTOS/port.o
LOAD Middlewares/FreeRTOS/queue.o
LOAD Middlewares/FreeRTOS/tasks.o
LOAD Middlewares/FreeRTOS/timers.o
LOAD c:/ac6/systemworkbench/plugins/fr.ac6.mcu.externaltools.arm-none.win32_1.17.0.201812190825/tools/compiler/bin/../lib/gcc/arm-none-eabi/7.3.1/../../../../arm-none-eabi/lib/thumb/v7e-m/fpv4-sp/hard\libm.a
START GROUP
LOAD c:/ac6/systemworkbench/plugins/fr.ac6.mcu.externaltools.arm-none.win32_1.17.0.201812190825/tools/compiler/bin/../lib/gcc/arm-none-eabi/7.3.1/thumb/v7e-m/fpv4-sp/hard\libgcc.a
LOAD c:/ac6/systemworkbench/plugins/fr.ac6.mcu.externaltools.arm-none.win32_1.17.0.201812190825/tools/compiler/bin/../lib/gcc/arm-none-eabi/7.3.1/../../../../arm-none-eabi/lib/thumb/v7e-m/fpv4-sp/hard\libc_nano.a
END GROUP
START GROUP
LOAD c:/ac6/systemworkbench/plugins/fr.ac6.mcu.externaltools.arm-none.win32_1.17.0.201812190825/tools/compiler/bin/../lib/gcc/arm-none-eabi/7.3.1/thumb/v7e-m/fpv4-sp/hard\libgcc.a
LOAD c:/ac6/systemworkbench/plugins/fr.ac6.mcu.externaltools.arm-none.win32_1.17.0.201812190825/tools/compiler/bin/../lib/gcc/arm-none-eabi/7.3.1/../../../../arm-none-eabi/lib/thumb/v7e-m/fpv4-sp/hard\libc_nano.a
LOAD c:/ac6/systemworkbench/plugins/fr.ac6.mcu.externaltools.arm-none.win32_1.17.0.201812190825/tools/compiler/bin/../lib/gcc/arm-none-eabi/7.3.1/../../../../arm-none-eabi/lib/thumb/v7e-m/fpv4-sp/hard\libnosys.a
END GROUP
START GROUP
LOAD c:/ac6/systemworkbench/plugins/fr.ac6.mcu.externaltools.arm-none.win32_1.17.0.201812190825/tools/compiler/bin/../lib/gcc/arm-none-eabi/7.3.1/thumb/v7e-m/fpv4-sp/hard\libgcc.a
LOAD c:/ac6/systemworkbench/plugins/fr.ac6.mcu.externaltools.arm-none.win32_1.17.0.201812190825/tools/compiler/bin/../lib/gcc/arm-none-eabi/7.3.1/../../../../arm-none-eabi/lib/thumb/v7e-m/fpv4-sp/hard\libc_nano.a
LOAD c:/ac6/systemworkbench/plugins/fr.ac6.mcu.externaltools.arm-none.win32_1.17.0.201812190825/tools/compiler/bin/../lib/gcc/arm-none-eabi/7.3.1/../../../../arm-none-eabi/lib/thumb/v7e-m/fpv4-sp/hard\libnosys.a
END GROUP
LOAD c:/ac6/systemworkbench/plugins/fr.ac6.mcu.externaltools.arm-none.win32_1.17.0.201812190825/tools/compiler/bin/../lib/gcc/arm-none-eabi/7.3.1/thumb/v7e-m/fpv4-sp/hard/crtend.o
LOAD c:/ac6/systemworkbench/plugins/fr.ac6.mcu.externaltools.arm-none.win32_1.17.0.201812190825/tools/compiler/bin/../lib/gcc/arm-none-eabi/7.3.1/thumb/v7e-m/fpv4-sp/hard/crtn.o
                0x20003000                _estack = 0x20003000
                0x00000200                _Min_Heap_Size = 0x200
                0x00000400                _Min_Stack_Size = 0x400

.isr_vector     0x08000000      0x188
                0x08000000                . = ALIGN (0x4)
 *(.isr_vector)
 .isr_vector    0x08000000      0x188 Application/SW4STM32/startup_stm32f303x8.o
                0x08000000                g_pfnVectors
                0x08000188                . = ALIGN (0x4)

.text           0x08000190     0x2538
                0x08000190                . = ALIGN (0x4)
 *(.text)
 .text          0x08000190       0x40 c:/ac6/systemworkbench/plugins/fr.ac6.mcu.externaltools.arm-none.win32_1.17.0.201812190825/tools/compiler/bin/../lib/gcc/arm-none-eabi/7.3.1/thumb/v7e-m/fpv4-sp/hard/crtbegin.o
 *(.text*)
 .text.Reset_Handler
                0x080001d0       0x50 Application/SW4STM32/startup_stm32f303x8.o
                0x080001d0                Reset_Handler
 .text.Default_Handler
                0x08000220        0x2 Application/SW4STM32/startup_stm32f303x8.o
                0x08000220                RTC_Alarm_IRQHandler
                0x08000220                TIM1_CC_IRQHandler
                0x08000220                PVD_IRQHandler
                0x08000220                TAMP_STAMP_IRQHandler
                0x08000220                EXTI3_IRQHandler
                0x08000220                EXTI0_IRQHandler
                0x08000220                FPU_IRQHandler
                0x08000220                TIM1_UP_TIM16_IRQHandler
                0x08000220                ADC1_2_IRQHandler
                0x08000220                SPI1_IRQHandler
                0x08000220                CAN_SCE_IRQHandler
                0x08000220                DMA1_Channel4_IRQHandler
                0x08000220                USART3_IRQHandler
                0x08000220                DMA1_Channel7_IRQHandler
                0x08000220                TIM7_DAC2_IRQHandler
                0x08000220                CAN_RX1_IRQHandler
                0x08000220                I2C1_EV_IRQHandler
                0x08000220                DMA1_Channel6_IRQHandler
                0x08000220                TIM3_IRQHandler
                0x08000220                RCC_IRQHandler
                0x08000220                DMA1_Channel1_IRQHandler
                0x08000220                Default_Handler
                0x08000220                EXTI15_10_IRQHandler
                0x08000220                COMP2_IRQHandler
                0x08000220                TIM6_DAC1_IRQHandler
                0x08000220                EXTI9_5_IRQHandler
                0x08000220                RTC_WKUP_IRQHandler
                0x08000220                DMA1_Channel5_IRQHandler
                0x08000220                EXTI4_IRQHandler
                0x08000220                TIM1_TRG_COM_TIM17_IRQHandler
                0x08000220                DMA1_Channel3_IRQHandler
                0x08000220                WWDG_IRQHandler
                0x08000220                TIM2_IRQHandler
                0x08000220                EXTI1_IRQHandler
                0x08000220                COMP4_6_IRQHandler
                0x08000220                USART2_IRQHandler
                0x08000220                DMA1_Channel2_IRQHandler
                0x08000220                FLASH_IRQHandler
                0x08000220                USART1_IRQHandler
                0x08000220                I2C1_ER_IRQHandler
                0x08000220                EXTI2_TSC_IRQHandler
                0x08000220                TIM1_BRK_TIM15_IRQHandler
 *fill*         0x08000222        0x2 
 .text.MX_CAN_Init
                0x08000224       0x48 Application/User/can.o
                0x08000224                MX_CAN_Init
 .text.HAL_CAN_MspInit
                0x0800026c       0x7c Application/User/can.o
                0x0800026c                HAL_CAN_MspInit
 .text.HAL_CAN_TxMailbox0CompleteCallback
                0x080002e8        0x2 Application/User/can.o
                0x080002e8                HAL_CAN_TxMailbox0CompleteCallback
 *fill*         0x080002ea        0x2 
 .text.HAL_CAN_RxFifo0MsgPendingCallback
                0x080002ec       0x20 Application/User/can.o
                0x080002ec                HAL_CAN_RxFifo0MsgPendingCallback
 .text.JDO_GetCan
                0x0800030c      0x130 Application/User/can.o
                0x0800030c                JDO_GetCan
 .text.JDO_CanInit
                0x0800043c       0xac Application/User/can.o
                0x0800043c                JDO_CanInit
 .text.StartDefaultTask
                0x080004e8        0x2 Application/User/freertos.o
                0x080004e8                StartDefaultTask
 *fill*         0x080004ea        0x2 
 .text.TaskGet  0x080004ec       0x24 Application/User/freertos.o
                0x080004ec                TaskGet
 .text.MX_FREERTOS_Init
                0x08000510       0x48 Application/User/freertos.o
                0x08000510                MX_FREERTOS_Init
 .text.newCanMessage
                0x08000558        0xc Application/User/freertos.o
                0x08000558                newCanMessage
 .text.MX_GPIO_Init
                0x08000564       0xe4 Application/User/gpio.o
                0x08000564                MX_GPIO_Init
 .text._Error_Handler
                0x08000648        0x2 Application/User/main.o
                0x08000648                _Error_Handler
 *fill*         0x0800064a        0x2 
 .text.SystemClock_Config
                0x0800064c       0x74 Application/User/main.o
                0x0800064c                SystemClock_Config
 .text.main     0x080006c0       0x20 Application/User/main.o
                0x080006c0                main
 .text.HAL_MspInit
                0x080006e0       0x90 Application/User/stm32f3xx_hal_msp.o
                0x080006e0                HAL_MspInit
 .text.NMI_Handler
                0x08000770        0x2 Application/User/stm32f3xx_it.o
                0x08000770                NMI_Handler
 .text.HardFault_Handler
                0x08000772        0x2 Application/User/stm32f3xx_it.o
                0x08000772                HardFault_Handler
 .text.MemManage_Handler
                0x08000774        0x2 Application/User/stm32f3xx_it.o
                0x08000774                MemManage_Handler
 .text.BusFault_Handler
                0x08000776        0x2 Application/User/stm32f3xx_it.o
                0x08000776                BusFault_Handler
 .text.UsageFault_Handler
                0x08000778        0x2 Application/User/stm32f3xx_it.o
                0x08000778                UsageFault_Handler
 .text.DebugMon_Handler
                0x0800077a        0x2 Application/User/stm32f3xx_it.o
                0x0800077a                DebugMon_Handler
 .text.SysTick_Handler
                0x0800077c        0xc Application/User/stm32f3xx_it.o
                0x0800077c                SysTick_Handler
 .text.CAN_TX_IRQHandler
                0x08000788       0x10 Application/User/stm32f3xx_it.o
                0x08000788                CAN_TX_IRQHandler
 .text.CAN_RX0_IRQHandler
                0x08000798       0x10 Application/User/stm32f3xx_it.o
                0x08000798                CAN_RX0_IRQHandler
 .text.SystemInit
                0x080007a8       0x68 Drivers/CMSIS/system_stm32f3xx.o
                0x080007a8                SystemInit
 .text.HAL_InitTick
                0x08000810       0x48 Drivers/STM32F3xx_HAL_Driver/stm32f3xx_hal.o
                0x08000810                HAL_InitTick
 .text.HAL_Init
                0x08000858       0x24 Drivers/STM32F3xx_HAL_Driver/stm32f3xx_hal.o
                0x08000858                HAL_Init
 .text.HAL_IncTick
                0x0800087c       0x18 Drivers/STM32F3xx_HAL_Driver/stm32f3xx_hal.o
                0x0800087c                HAL_IncTick
 .text.HAL_GetTick
                0x08000894        0xc Drivers/STM32F3xx_HAL_Driver/stm32f3xx_hal.o
                0x08000894                HAL_GetTick
 .text.HAL_CAN_Init
                0x080008a0      0x14c Drivers/STM32F3xx_HAL_Driver/stm32f3xx_hal_can.o
                0x080008a0                HAL_CAN_Init
 .text.HAL_CAN_ConfigFilter
                0x080009ec       0xfc Drivers/STM32F3xx_HAL_Driver/stm32f3xx_hal_can.o
                0x080009ec                HAL_CAN_ConfigFilter
 .text.HAL_CAN_Start
                0x08000ae8       0x5c Drivers/STM32F3xx_HAL_Driver/stm32f3xx_hal_can.o
                0x08000ae8                HAL_CAN_Start
 .text.HAL_CAN_GetRxMessage
                0x08000b44      0x134 Drivers/STM32F3xx_HAL_Driver/stm32f3xx_hal_can.o
                0x08000b44                HAL_CAN_GetRxMessage
 .text.HAL_CAN_ActivateNotification
                0x08000c78       0x24 Drivers/STM32F3xx_HAL_Driver/stm32f3xx_hal_can.o
                0x08000c78                HAL_CAN_ActivateNotification
 .text.HAL_CAN_TxMailbox1CompleteCallback
                0x08000c9c        0x2 Drivers/STM32F3xx_HAL_Driver/stm32f3xx_hal_can.o
                0x08000c9c                HAL_CAN_TxMailbox1CompleteCallback
 .text.HAL_CAN_TxMailbox2CompleteCallback
                0x08000c9e        0x2 Drivers/STM32F3xx_HAL_Driver/stm32f3xx_hal_can.o
                0x08000c9e                HAL_CAN_TxMailbox2CompleteCallback
 .text.HAL_CAN_TxMailbox0AbortCallback
                0x08000ca0        0x2 Drivers/STM32F3xx_HAL_Driver/stm32f3xx_hal_can.o
                0x08000ca0                HAL_CAN_TxMailbox0AbortCallback
 .text.HAL_CAN_TxMailbox1AbortCallback
                0x08000ca2        0x2 Drivers/STM32F3xx_HAL_Driver/stm32f3xx_hal_can.o
                0x08000ca2                HAL_CAN_TxMailbox1AbortCallback
 .text.HAL_CAN_TxMailbox2AbortCallback
                0x08000ca4        0x2 Drivers/STM32F3xx_HAL_Driver/stm32f3xx_hal_can.o
                0x08000ca4                HAL_CAN_TxMailbox2AbortCallback
 .text.HAL_CAN_RxFifo0FullCallback
                0x08000ca6        0x2 Drivers/STM32F3xx_HAL_Driver/stm32f3xx_hal_can.o
                0x08000ca6                HAL_CAN_RxFifo0FullCallback
 .text.HAL_CAN_RxFifo1MsgPendingCallback
                0x08000ca8        0x2 Drivers/STM32F3xx_HAL_Driver/stm32f3xx_hal_can.o
                0x08000ca8                HAL_CAN_RxFifo1MsgPendingCallback
 .text.HAL_CAN_RxFifo1FullCallback
                0x08000caa        0x2 Drivers/STM32F3xx_HAL_Driver/stm32f3xx_hal_can.o
                0x08000caa                HAL_CAN_RxFifo1FullCallback
 .text.HAL_CAN_SleepCallback
                0x08000cac        0x2 Drivers/STM32F3xx_HAL_Driver/stm32f3xx_hal_can.o
                0x08000cac                HAL_CAN_SleepCallback
 .text.HAL_CAN_WakeUpFromRxMsgCallback
                0x08000cae        0x2 Drivers/STM32F3xx_HAL_Driver/stm32f3xx_hal_can.o
                0x08000cae                HAL_CAN_WakeUpFromRxMsgCallback
 .text.HAL_CAN_ErrorCallback
                0x08000cb0        0x2 Drivers/STM32F3xx_HAL_Driver/stm32f3xx_hal_can.o
                0x08000cb0                HAL_CAN_ErrorCallback
 .text.HAL_CAN_IRQHandler
                0x08000cb2      0x258 Drivers/STM32F3xx_HAL_Driver/stm32f3xx_hal_can.o
                0x08000cb2                HAL_CAN_IRQHandler
 *fill*         0x08000f0a        0x2 
 .text.HAL_NVIC_SetPriorityGrouping
                0x08000f0c       0x24 Drivers/STM32F3xx_HAL_Driver/stm32f3xx_hal_cortex.o
                0x08000f0c                HAL_NVIC_SetPriorityGrouping
 .text.HAL_NVIC_SetPriority
                0x08000f30       0x68 Drivers/STM32F3xx_HAL_Driver/stm32f3xx_hal_cortex.o
                0x08000f30                HAL_NVIC_SetPriority
 .text.HAL_NVIC_EnableIRQ
                0x08000f98       0x18 Drivers/STM32F3xx_HAL_Driver/stm32f3xx_hal_cortex.o
                0x08000f98                HAL_NVIC_EnableIRQ
 .text.HAL_SYSTICK_Config
                0x08000fb0       0x2c Drivers/STM32F3xx_HAL_Driver/stm32f3xx_hal_cortex.o
                0x08000fb0                HAL_SYSTICK_Config
 .text.HAL_SYSTICK_CLKSourceConfig
                0x08000fdc       0x20 Drivers/STM32F3xx_HAL_Driver/stm32f3xx_hal_cortex.o
                0x08000fdc                HAL_SYSTICK_CLKSourceConfig
 .text.HAL_GPIO_Init
                0x08000ffc      0x188 Drivers/STM32F3xx_HAL_Driver/stm32f3xx_hal_gpio.o
                0x08000ffc                HAL_GPIO_Init
 .text.HAL_GPIO_WritePin
                0x08001184        0xa Drivers/STM32F3xx_HAL_Driver/stm32f3xx_hal_gpio.o
                0x08001184                HAL_GPIO_WritePin
 *fill*         0x0800118e        0x2 
 .text.HAL_RCC_OscConfig
                0x08001190      0x618 Drivers/STM32F3xx_HAL_Driver/stm32f3xx_hal_rcc.o
                0x08001190                HAL_RCC_OscConfig
 .text.HAL_RCC_GetSysClockFreq
                0x080017a8       0x70 Drivers/STM32F3xx_HAL_Driver/stm32f3xx_hal_rcc.o
                0x080017a8                HAL_RCC_GetSysClockFreq
 .text.HAL_RCC_ClockConfig
                0x08001818      0x1a0 Drivers/STM32F3xx_HAL_Driver/stm32f3xx_hal_rcc.o
                0x08001818                HAL_RCC_ClockConfig
 .text.HAL_RCC_GetHCLKFreq
                0x080019b8        0xc Drivers/STM32F3xx_HAL_Driver/stm32f3xx_hal_rcc.o
                0x080019b8                HAL_RCC_GetHCLKFreq
 .text.makeFreeRtosPriority
                0x080019c4        0xc Middlewares/FreeRTOS/cmsis_os.o
 .text.osKernelStart
                0x080019d0        0xa Middlewares/FreeRTOS/cmsis_os.o
                0x080019d0                osKernelStart
 .text.osThreadCreate
                0x080019da       0x34 Middlewares/FreeRTOS/cmsis_os.o
                0x080019da                osThreadCreate
 .text.osDelay  0x08001a0e       0x12 Middlewares/FreeRTOS/cmsis_os.o
                0x08001a0e                osDelay
 .text.osSystickHandler
                0x08001a20       0x10 Middlewares/FreeRTOS/cmsis_os.o
                0x08001a20                osSystickHandler
 .text.prvHeapInit
                0x08001a30       0x54 Middlewares/FreeRTOS/heap_4.o
 .text.prvInsertBlockIntoFreeList
                0x08001a84       0x58 Middlewares/FreeRTOS/heap_4.o
 .text.pvPortMalloc
                0x08001adc      0x10c Middlewares/FreeRTOS/heap_4.o
                0x08001adc                pvPortMalloc
 .text.vPortFree
                0x08001be8       0x70 Middlewares/FreeRTOS/heap_4.o
                0x08001be8                vPortFree
 .text.vListInitialise
                0x08001c58       0x16 Middlewares/FreeRTOS/list.o
                0x08001c58                vListInitialise
 .text.vListInitialiseItem
                0x08001c6e        0x6 Middlewares/FreeRTOS/list.o
                0x08001c6e                vListInitialiseItem
 .text.vListInsertEnd
                0x08001c74       0x18 Middlewares/FreeRTOS/list.o
                0x08001c74                vListInsertEnd
 .text.vListInsert
                0x08001c8c       0x34 Middlewares/FreeRTOS/list.o
                0x08001c8c                vListInsert
 .text.uxListRemove
                0x08001cc0       0x26 Middlewares/FreeRTOS/list.o
                0x08001cc0                uxListRemove
 *fill*         0x08001ce6        0x2 
 .text.prvTaskExitError
                0x08001ce8       0x34 Middlewares/FreeRTOS/port.o
 .text.prvPortStartFirstTask
                0x08001d1c       0x20 Middlewares/FreeRTOS/port.o
 .text.vPortEnableVFP
                0x08001d3c       0x14 Middlewares/FreeRTOS/port.o
 .text.pxPortInitialiseStack
                0x08001d50       0x2c Middlewares/FreeRTOS/port.o
                0x08001d50                pxPortInitialiseStack
 *fill*         0x08001d7c        0x4 
 .text.SVC_Handler
                0x08001d80       0x24 Middlewares/FreeRTOS/port.o
                0x08001d80                SVC_Handler
 .text.vPortEnterCritical
                0x08001da4       0x44 Middlewares/FreeRTOS/port.o
                0x08001da4                vPortEnterCritical
 .text.vPortExitCritical
                0x08001de8       0x2c Middlewares/FreeRTOS/port.o
                0x08001de8                vPortExitCritical
 *fill*         0x08001e14        0xc 
 .text.PendSV_Handler
                0x08001e20       0x64 Middlewares/FreeRTOS/port.o
                0x08001e20                PendSV_Handler
 .text.xPortSysTickHandler
                0x08001e84       0x2c Middlewares/FreeRTOS/port.o
                0x08001e84                xPortSysTickHandler
 .text.vPortSetupTimerInterrupt
                0x08001eb0       0x2c Middlewares/FreeRTOS/port.o
                0x08001eb0                vPortSetupTimerInterrupt
 .text.xPortStartScheduler
                0x08001edc       0xe8 Middlewares/FreeRTOS/port.o
                0x08001edc                xPortStartScheduler
 .text.prvResetNextTaskUnblockTime
                0x08001fc4       0x24 Middlewares/FreeRTOS/tasks.o
 .text.prvDeleteTCB
                0x08001fe8       0x12 Middlewares/FreeRTOS/tasks.o
 .text.prvInitialiseNewTask
                0x08001ffa       0x80 Middlewares/FreeRTOS/tasks.o
 *fill*         0x0800207a        0x2 
 .text.prvInitialiseTaskLists
                0x0800207c       0x58 Middlewares/FreeRTOS/tasks.o
 .text.prvAddNewTaskToReadyList
                0x080020d4       0xac Middlewares/FreeRTOS/tasks.o
 .text.prvAddCurrentTaskToDelayedList
                0x08002180       0x88 Middlewares/FreeRTOS/tasks.o
 .text.xTaskCreate
                0x08002208       0x62 Middlewares/FreeRTOS/tasks.o
                0x08002208                xTaskCreate
 *fill*         0x0800226a        0x2 
 .text.vTaskStartScheduler
                0x0800226c       0x74 Middlewares/FreeRTOS/tasks.o
                0x0800226c                vTaskStartScheduler
 .text.vTaskSuspendAll
                0x080022e0       0x14 Middlewares/FreeRTOS/tasks.o
                0x080022e0                vTaskSuspendAll
 .text.xTaskIncrementTick
                0x080022f4      0x10c Middlewares/FreeRTOS/tasks.o
                0x080022f4                xTaskIncrementTick
 .text.xTaskResumeAll
                0x08002400       0xf0 Middlewares/FreeRTOS/tasks.o
                0x08002400                xTaskResumeAll
 .text.vTaskDelay
                0x080024f0       0x4c Middlewares/FreeRTOS/tasks.o
                0x080024f0                vTaskDelay
 .text.prvCheckTasksWaitingTermination
                0x0800253c       0x54 Middlewares/FreeRTOS/tasks.o
 .text.prvIdleTask
                0x08002590       0x28 Middlewares/FreeRTOS/tasks.o
 .text.vTaskSwitchContext
                0x080025b8       0x90 Middlewares/FreeRTOS/tasks.o
                0x080025b8                vTaskSwitchContext
 .text.xTaskGetSchedulerState
                0x08002648       0x20 Middlewares/FreeRTOS/tasks.o
                0x08002648                xTaskGetSchedulerState
 .text.__libc_init_array
                0x08002668       0x48 c:/ac6/systemworkbench/plugins/fr.ac6.mcu.externaltools.arm-none.win32_1.17.0.201812190825/tools/compiler/bin/../lib/gcc/arm-none-eabi/7.3.1/../../../../arm-none-eabi/lib/thumb/v7e-m/fpv4-sp/hard\libc_nano.a(lib_a-init.o)
                0x08002668                __libc_init_array
 *(.glue_7)
 .glue_7        0x080026b0        0x0 linker stubs
 *(.glue_7t)
 .glue_7t       0x080026b0        0x0 linker stubs
 *(.eh_frame)
 .eh_frame      0x080026b0        0x0 c:/ac6/systemworkbench/plugins/fr.ac6.mcu.externaltools.arm-none.win32_1.17.0.201812190825/tools/compiler/bin/../lib/gcc/arm-none-eabi/7.3.1/thumb/v7e-m/fpv4-sp/hard/crtbegin.o
 *(.init)
 .init          0x080026b0        0x4 c:/ac6/systemworkbench/plugins/fr.ac6.mcu.externaltools.arm-none.win32_1.17.0.201812190825/tools/compiler/bin/../lib/gcc/arm-none-eabi/7.3.1/thumb/v7e-m/fpv4-sp/hard/crti.o
                0x080026b0                _init
 .init          0x080026b4        0x8 c:/ac6/systemworkbench/plugins/fr.ac6.mcu.externaltools.arm-none.win32_1.17.0.201812190825/tools/compiler/bin/../lib/gcc/arm-none-eabi/7.3.1/thumb/v7e-m/fpv4-sp/hard/crtn.o
 *(.fini)
 .fini          0x080026bc        0x4 c:/ac6/systemworkbench/plugins/fr.ac6.mcu.externaltools.arm-none.win32_1.17.0.201812190825/tools/compiler/bin/../lib/gcc/arm-none-eabi/7.3.1/thumb/v7e-m/fpv4-sp/hard/crti.o
                0x080026bc                _fini
 .fini          0x080026c0        0x8 c:/ac6/systemworkbench/plugins/fr.ac6.mcu.externaltools.arm-none.win32_1.17.0.201812190825/tools/compiler/bin/../lib/gcc/arm-none-eabi/7.3.1/thumb/v7e-m/fpv4-sp/hard/crtn.o
                0x080026c8                . = ALIGN (0x4)
                0x080026c8                _etext = .

.vfp11_veneer   0x080026c8        0x0
 .vfp11_veneer  0x080026c8        0x0 linker stubs

.v4_bx          0x080026c8        0x0
 .v4_bx         0x080026c8        0x0 linker stubs

.iplt           0x080026c8        0x0
 .iplt          0x080026c8        0x0 c:/ac6/systemworkbench/plugins/fr.ac6.mcu.externaltools.arm-none.win32_1.17.0.201812190825/tools/compiler/bin/../lib/gcc/arm-none-eabi/7.3.1/thumb/v7e-m/fpv4-sp/hard/crtbegin.o

.rodata         0x080026c8       0xd0
                0x080026c8                . = ALIGN (0x4)
 *(.rodata)
 .rodata        0x080026c8       0x28 Application/User/freertos.o
 .rodata        0x080026f0       0x18 Drivers/CMSIS/system_stm32f3xx.o
                0x080026f0                AHBPrescTable
                0x08002700                APBPrescTable
 .rodata        0x08002708       0x20 Drivers/STM32F3xx_HAL_Driver/stm32f3xx_hal_rcc.o
                0x08002708                aPLLMULFactorTable
                0x08002718                aPredivFactorTable
 *(.rodata*)
 .rodata.str1.4
                0x08002728       0x25 Application/User/can.o
 *fill*         0x0800274d        0x3 
 .rodata.str1.4
                0x08002750       0x18 Application/User/freertos.o
 .rodata.str1.4
                0x08002768       0x26 Application/User/main.o
 *fill*         0x0800278e        0x2 
 .rodata.str1.4
                0x08002790        0x8 Middlewares/FreeRTOS/tasks.o
                                  0x5 (size before relaxing)
                0x08002798                . = ALIGN (0x4)

.rel.dyn        0x08002798        0x0
 .rel.iplt      0x08002798        0x0 c:/ac6/systemworkbench/plugins/fr.ac6.mcu.externaltools.arm-none.win32_1.17.0.201812190825/tools/compiler/bin/../lib/gcc/arm-none-eabi/7.3.1/thumb/v7e-m/fpv4-sp/hard/crtbegin.o

.ARM.extab
 *(.ARM.extab* .gnu.linkonce.armextab.*)

.ARM            0x08002798        0x0
                0x08002798                __exidx_start = .
 *(.ARM.exidx*)
                0x08002798                __exidx_end = .

.preinit_array  0x08002798        0x0
                0x08002798                PROVIDE (__preinit_array_start = .)
 *(.preinit_array*)
                0x08002798                PROVIDE (__preinit_array_end = .)

.init_array     0x08002798        0x4
                0x08002798                PROVIDE (__init_array_start = .)
 *(SORT_BY_NAME(.init_array.*))
 *(.init_array*)
 .init_array    0x08002798        0x4 c:/ac6/systemworkbench/plugins/fr.ac6.mcu.externaltools.arm-none.win32_1.17.0.201812190825/tools/compiler/bin/../lib/gcc/arm-none-eabi/7.3.1/thumb/v7e-m/fpv4-sp/hard/crtbegin.o
                0x0800279c                PROVIDE (__init_array_end = .)

.fini_array     0x0800279c        0x4
                [!provide]                PROVIDE (__fini_array_start = .)
 *(SORT_BY_NAME(.fini_array.*))
 *(.fini_array*)
 .fini_array    0x0800279c        0x4 c:/ac6/systemworkbench/plugins/fr.ac6.mcu.externaltools.arm-none.win32_1.17.0.201812190825/tools/compiler/bin/../lib/gcc/arm-none-eabi/7.3.1/thumb/v7e-m/fpv4-sp/hard/crtbegin.o
                [!provide]                PROVIDE (__fini_array_end = .)
                0x080027a0                _sidata = LOADADDR (.data)

.data           0x20000000       0x10 load address 0x080027a0
                0x20000000                . = ALIGN (0x4)
                0x20000000                _sdata = .
 *(.data)
 .data          0x20000000        0x4 Drivers/CMSIS/system_stm32f3xx.o
                0x20000000                SystemCoreClock
 .data          0x20000004        0x8 Drivers/STM32F3xx_HAL_Driver/stm32f3xx_hal.o
                0x20000004                uwTickFreq
                0x20000008                uwTickPrio
 .data          0x2000000c        0x4 Middlewares/FreeRTOS/port.o
 *(.data*)
                0x20000010                . = ALIGN (0x4)
                0x20000010                _edata = .
                0x080027b0                _siccmram = LOADADDR (.ccmram)

.igot.plt       0x20000010        0x0 load address 0x080027b0
 .igot.plt      0x20000010        0x0 c:/ac6/systemworkbench/plugins/fr.ac6.mcu.externaltools.arm-none.win32_1.17.0.201812190825/tools/compiler/bin/../lib/gcc/arm-none-eabi/7.3.1/thumb/v7e-m/fpv4-sp/hard/crtbegin.o

.ccmram         0x10000000        0x0 load address 0x080027b0
                0x10000000                . = ALIGN (0x4)
                0x10000000                _sccmram = .
 *(.ccmram)
 *(.ccmram*)
                0x10000000                . = ALIGN (0x4)
                0x10000000                _eccmram = .
                0x10000000                . = ALIGN (0x4)

.bss            0x20000010      0xe14
                0x20000010                _sbss = .
                0x20000010                __bss_start__ = _sbss
 *(.bss)
 .bss           0x20000010       0x1c c:/ac6/systemworkbench/plugins/fr.ac6.mcu.externaltools.arm-none.win32_1.17.0.201812190825/tools/compiler/bin/../lib/gcc/arm-none-eabi/7.3.1/thumb/v7e-m/fpv4-sp/hard/crtbegin.o
 .bss           0x2000002c        0x1 Application/User/freertos.o
                0x2000002c                nCM
 *fill*         0x2000002d        0x3 
 .bss           0x20000030      0xc18 Middlewares/FreeRTOS/heap_4.o
 .bss           0x20000c48        0x8 Middlewares/FreeRTOS/port.o
 .bss           0x20000c50      0x12c Middlewares/FreeRTOS/tasks.o
                0x20000d50                pxCurrentTCB
 *(.bss*)
 *(COMMON)
 COMMON         0x20000d7c       0x98 Application/User/can.o
                0x20000d7c                sFilterConfig
                0x20000da4                hcan
                0x20000dcc                TxData
                0x20000dd4                TxMailbox
                0x20000dd8                RxData
                0x20000de0                TxHeader
                0x20000df8                RxHeader
 COMMON         0x20000e14        0xc Application/User/freertos.o
                0x20000e14                defaultTaskHandle
                0x20000e18                TaskGetCanHandle
                0x20000e1c                TaskSendCanHandle
 COMMON         0x20000e20        0x4 Drivers/STM32F3xx_HAL_Driver/stm32f3xx_hal.o
                0x20000e20                uwTick
                0x20000e24                . = ALIGN (0x4)
                0x20000e24                _ebss = .
                0x20000e24                __bss_end__ = _ebss

._user_heap_stack
                0x20000e24      0x604
                0x20000e28                . = ALIGN (0x8)
 *fill*         0x20000e24        0x4 
                0x20000e28                PROVIDE (end = .)
                [!provide]                PROVIDE (_end = .)
                0x20001028                . = (. + _Min_Heap_Size)
 *fill*         0x20000e28      0x200 
                0x20001428                . = (. + _Min_Stack_Size)
 *fill*         0x20001028      0x400 
                0x20001428                . = ALIGN (0x8)

/DISCARD/
 libc.a(*)
 libm.a(*)
 libgcc.a(*)

.ARM.attributes
                0x00000000       0x30
 *(.ARM.attributes)
 .ARM.attributes
                0x00000000       0x22 c:/ac6/systemworkbench/plugins/fr.ac6.mcu.externaltools.arm-none.win32_1.17.0.201812190825/tools/compiler/bin/../lib/gcc/arm-none-eabi/7.3.1/thumb/v7e-m/fpv4-sp/hard/crti.o
 .ARM.attributes
                0x00000022       0x34 c:/ac6/systemworkbench/plugins/fr.ac6.mcu.externaltools.arm-none.win32_1.17.0.201812190825/tools/compiler/bin/../lib/gcc/arm-none-eabi/7.3.1/thumb/v7e-m/fpv4-sp/hard/crtbegin.o
 .ARM.attributes
                0x00000056       0x21 Application/SW4STM32/startup_stm32f303x8.o
 .ARM.attributes
                0x00000077       0x39 Application/User/can.o
 .ARM.attributes
                0x000000b0       0x39 Application/User/freertos.o
 .ARM.attributes
                0x000000e9       0x39 Application/User/gpio.o
 .ARM.attributes
                0x00000122       0x39 Application/User/main.o
 .ARM.attributes
                0x0000015b       0x39 Application/User/stm32f3xx_hal_msp.o
 .ARM.attributes
                0x00000194       0x39 Application/User/stm32f3xx_it.o
 .ARM.attributes
                0x000001cd       0x39 Drivers/CMSIS/system_stm32f3xx.o
 .ARM.attributes
                0x00000206       0x39 Drivers/STM32F3xx_HAL_Driver/stm32f3xx_hal.o
 .ARM.attributes
                0x0000023f       0x39 Drivers/STM32F3xx_HAL_Driver/stm32f3xx_hal_can.o
 .ARM.attributes
                0x00000278       0x39 Drivers/STM32F3xx_HAL_Driver/stm32f3xx_hal_cortex.o
 .ARM.attributes
                0x000002b1       0x39 Drivers/STM32F3xx_HAL_Driver/stm32f3xx_hal_gpio.o
 .ARM.attributes
                0x000002ea       0x39 Drivers/STM32F3xx_HAL_Driver/stm32f3xx_hal_rcc.o
 .ARM.attributes
                0x00000323       0x39 Middlewares/FreeRTOS/cmsis_os.o
 .ARM.attributes
                0x0000035c       0x39 Middlewares/FreeRTOS/heap_4.o
 .ARM.attributes
                0x00000395       0x39 Middlewares/FreeRTOS/list.o
 .ARM.attributes
                0x000003ce       0x39 Middlewares/FreeRTOS/port.o
 .ARM.attributes
                0x00000407       0x39 Middlewares/FreeRTOS/tasks.o
 .ARM.attributes
                0x00000440       0x34 c:/ac6/systemworkbench/plugins/fr.ac6.mcu.externaltools.arm-none.win32_1.17.0.201812190825/tools/compiler/bin/../lib/gcc/arm-none-eabi/7.3.1/../../../../arm-none-eabi/lib/thumb/v7e-m/fpv4-sp/hard\libc_nano.a(lib_a-init.o)
 .ARM.attributes
                0x00000474       0x22 c:/ac6/systemworkbench/plugins/fr.ac6.mcu.externaltools.arm-none.win32_1.17.0.201812190825/tools/compiler/bin/../lib/gcc/arm-none-eabi/7.3.1/thumb/v7e-m/fpv4-sp/hard/crtn.o
OUTPUT(F3_Blink_Test2.elf elf32-littlearm)

.debug_line     0x00000000     0x9688
 .debug_line    0x00000000       0x98 Application/SW4STM32/startup_stm32f303x8.o
 .debug_line    0x00000098      0x7f5 Application/User/can.o
 .debug_line    0x0000088d      0x928 Application/User/freertos.o
 .debug_line    0x000011b5      0x72c Application/User/gpio.o
 .debug_line    0x000018e1      0x914 Application/User/main.o
 .debug_line    0x000021f5      0x717 Application/User/stm32f3xx_hal_msp.o
 .debug_line    0x0000290c      0x966 Application/User/stm32f3xx_it.o
 .debug_line    0x00003272      0x742 Drivers/CMSIS/system_stm32f3xx.o
 .debug_line    0x000039b4      0x8ef Drivers/STM32F3xx_HAL_Driver/stm32f3xx_hal.o
 .debug_line    0x000042a3      0xbf8 Drivers/STM32F3xx_HAL_Driver/stm32f3xx_hal_can.o
 .debug_line    0x00004e9b      0x8e8 Drivers/STM32F3xx_HAL_Driver/stm32f3xx_hal_cortex.o
 .debug_line    0x00005783      0x873 Drivers/STM32F3xx_HAL_Driver/stm32f3xx_hal_gpio.o
 .debug_line    0x00005ff6      0xc05 Drivers/STM32F3xx_HAL_Driver/stm32f3xx_hal_rcc.o
 .debug_line    0x00006bfb      0xbad Middlewares/FreeRTOS/cmsis_os.o
 .debug_line    0x000077a8      0x609 Middlewares/FreeRTOS/heap_4.o
 .debug_line    0x00007db1      0x555 Middlewares/FreeRTOS/list.o
 .debug_line    0x00008306      0x591 Middlewares/FreeRTOS/port.o
 .debug_line    0x00008897      0xdf1 Middlewares/FreeRTOS/tasks.o

.debug_info     0x00000000    0x141d6
 .debug_info    0x00000000       0x22 Application/SW4STM32/startup_stm32f303x8.o
 .debug_info    0x00000022     0x1880 Application/User/can.o
 .debug_info    0x000018a2      0xf99 Application/User/freertos.o
 .debug_info    0x0000283b      0xd0a Application/User/gpio.o
 .debug_info    0x00003545     0x11b4 Application/User/main.o
 .debug_info    0x000046f9      0xce1 Application/User/stm32f3xx_hal_msp.o
 .debug_info    0x000053da      0xe26 Application/User/stm32f3xx_it.o
 .debug_info    0x00006200      0xc82 Drivers/CMSIS/system_stm32f3xx.o
 .debug_info    0x00006e82     0x1016 Drivers/STM32F3xx_HAL_Driver/stm32f3xx_hal.o
 .debug_info    0x00007e98     0x1954 Drivers/STM32F3xx_HAL_Driver/stm32f3xx_hal_can.o
 .debug_info    0x000097ec     0x14cf Drivers/STM32F3xx_HAL_Driver/stm32f3xx_hal_cortex.o
 .debug_info    0x0000acbb      0xff8 Drivers/STM32F3xx_HAL_Driver/stm32f3xx_hal_gpio.o
 .debug_info    0x0000bcb3     0x1c80 Drivers/STM32F3xx_HAL_Driver/stm32f3xx_hal_rcc.o
 .debug_info    0x0000d933     0x231e Middlewares/FreeRTOS/cmsis_os.o
 .debug_info    0x0000fc51      0xc71 Middlewares/FreeRTOS/heap_4.o
 .debug_info    0x000108c2      0xacd Middlewares/FreeRTOS/list.o
 .debug_info    0x0001138f      0x532 Middlewares/FreeRTOS/port.o
 .debug_info    0x000118c1     0x2915 Middlewares/FreeRTOS/tasks.o

.debug_abbrev   0x00000000     0x2f9c
 .debug_abbrev  0x00000000       0x12 Application/SW4STM32/startup_stm32f303x8.o
 .debug_abbrev  0x00000012      0x2c0 Application/User/can.o
 .debug_abbrev  0x000002d2      0x2d2 Application/User/freertos.o
 .debug_abbrev  0x000005a4      0x22b Application/User/gpio.o
 .debug_abbrev  0x000007cf      0x2a4 Application/User/main.o
 .debug_abbrev  0x00000a73      0x234 Application/User/stm32f3xx_hal_msp.o
 .debug_abbrev  0x00000ca7      0x21d Application/User/stm32f3xx_it.o
 .debug_abbrev  0x00000ec4      0x21f Drivers/CMSIS/system_stm32f3xx.o
 .debug_abbrev  0x000010e3      0x2e1 Drivers/STM32F3xx_HAL_Driver/stm32f3xx_hal.o
 .debug_abbrev  0x000013c4      0x32e Drivers/STM32F3xx_HAL_Driver/stm32f3xx_hal_can.o
 .debug_abbrev  0x000016f2      0x3b1 Drivers/STM32F3xx_HAL_Driver/stm32f3xx_hal_cortex.o
 .debug_abbrev  0x00001aa3      0x2a7 Drivers/STM32F3xx_HAL_Driver/stm32f3xx_hal_gpio.o
 .debug_abbrev  0x00001d4a      0x365 Drivers/STM32F3xx_HAL_Driver/stm32f3xx_hal_rcc.o
 .debug_abbrev  0x000020af      0x3d4 Middlewares/FreeRTOS/cmsis_os.o
 .debug_abbrev  0x00002483      0x318 Middlewares/FreeRTOS/heap_4.o
 .debug_abbrev  0x0000279b      0x21c Middlewares/FreeRTOS/list.o
 .debug_abbrev  0x000029b7      0x216 Middlewares/FreeRTOS/port.o
 .debug_abbrev  0x00002bcd      0x3cf Middlewares/FreeRTOS/tasks.o

.debug_aranges  0x00000000      0x9b8
 .debug_aranges
                0x00000000       0x28 Application/SW4STM32/startup_stm32f303x8.o
 .debug_aranges
                0x00000028       0x58 Application/User/can.o
 .debug_aranges
                0x00000080       0x40 Application/User/freertos.o
 .debug_aranges
                0x000000c0       0x20 Application/User/gpio.o
 .debug_aranges
                0x000000e0       0x30 Application/User/main.o
 .debug_aranges
                0x00000110       0x20 Application/User/stm32f3xx_hal_msp.o
 .debug_aranges
                0x00000130       0x60 Application/User/stm32f3xx_it.o
 .debug_aranges
                0x00000190       0x28 Drivers/CMSIS/system_stm32f3xx.o
 .debug_aranges
                0x000001b8       0xe0 Drivers/STM32F3xx_HAL_Driver/stm32f3xx_hal.o
 .debug_aranges
                0x00000298      0x138 Drivers/STM32F3xx_HAL_Driver/stm32f3xx_hal_can.o
 .debug_aranges
                0x000003d0       0x90 Drivers/STM32F3xx_HAL_Driver/stm32f3xx_hal_cortex.o
 .debug_aranges
                0x00000460       0x58 Drivers/STM32F3xx_HAL_Driver/stm32f3xx_hal_gpio.o
 .debug_aranges
                0x000004b8       0x88 Drivers/STM32F3xx_HAL_Driver/stm32f3xx_hal_rcc.o
 .debug_aranges
                0x00000540      0x1d8 Middlewares/FreeRTOS/cmsis_os.o
 .debug_aranges
                0x00000718       0x50 Middlewares/FreeRTOS/heap_4.o
 .debug_aranges
                0x00000768       0x40 Middlewares/FreeRTOS/list.o
 .debug_aranges
                0x000007a8       0x80 Middlewares/FreeRTOS/port.o
 .debug_aranges
                0x00000828      0x190 Middlewares/FreeRTOS/tasks.o

.debug_str      0x00000000    0x84773
 .debug_str     0x00000000       0x81 Application/SW4STM32/startup_stm32f303x8.o
 .debug_str     0x00000081    0x7b8ee Application/User/can.o
                              0x7bc63 (size before relaxing)
 .debug_str     0x0007b96f     0x53bf Application/User/freertos.o
                              0x8093e (size before relaxing)
 .debug_str     0x00080d2e       0x4f Application/User/gpio.o
                              0x7b3e5 (size before relaxing)
 .debug_str     0x00080d7d      0x1ef Application/User/main.o
                              0x80c94 (size before relaxing)
 .debug_str     0x00080f6c       0x5c Application/User/stm32f3xx_hal_msp.o
                              0x7b640 (size before relaxing)
 .debug_str     0x00080fc8       0xe5 Application/User/stm32f3xx_it.o
                              0x8084f (size before relaxing)
 .debug_str     0x000810ad       0xda Drivers/CMSIS/system_stm32f3xx.o
                              0x7b3c8 (size before relaxing)
 .debug_str     0x00081187      0x3cf Drivers/STM32F3xx_HAL_Driver/stm32f3xx_hal.o
                              0x7ba3f (size before relaxing)
 .debug_str     0x00081556      0x3ba Drivers/STM32F3xx_HAL_Driver/stm32f3xx_hal_can.o
                              0x7bb6c (size before relaxing)
 .debug_str     0x00081910      0x227 Drivers/STM32F3xx_HAL_Driver/stm32f3xx_hal_cortex.o
                              0x7b9d2 (size before relaxing)
 .debug_str     0x00081b37      0x265 Drivers/STM32F3xx_HAL_Driver/stm32f3xx_hal_gpio.o
                              0x7b697 (size before relaxing)
 .debug_str     0x00081d9c      0x2c5 Drivers/STM32F3xx_HAL_Driver/stm32f3xx_hal_rcc.o
                              0x7b82f (size before relaxing)
 .debug_str     0x00082061      0xa08 Middlewares/FreeRTOS/cmsis_os.o
                               0xc9cf (size before relaxing)
 .debug_str     0x00082a69      0x3ad Middlewares/FreeRTOS/heap_4.o
                               0xa39f (size before relaxing)
 .debug_str     0x00082e16      0x155 Middlewares/FreeRTOS/list.o
                               0x9c5f (size before relaxing)
 .debug_str     0x00082f6b      0x828 Middlewares/FreeRTOS/port.o
                               0x7d5c (size before relaxing)
 .debug_str     0x00083793      0xfe0 Middlewares/FreeRTOS/tasks.o
                               0xbcf2 (size before relaxing)

.debug_ranges   0x00000000      0x990
 .debug_ranges  0x00000000       0x20 Application/SW4STM32/startup_stm32f303x8.o
 .debug_ranges  0x00000020       0x48 Application/User/can.o
 .debug_ranges  0x00000068       0x30 Application/User/freertos.o
 .debug_ranges  0x00000098       0x10 Application/User/gpio.o
 .debug_ranges  0x000000a8       0x20 Application/User/main.o
 .debug_ranges  0x000000c8       0x10 Application/User/stm32f3xx_hal_msp.o
 .debug_ranges  0x000000d8       0x50 Application/User/stm32f3xx_it.o
 .debug_ranges  0x00000128       0x18 Drivers/CMSIS/system_stm32f3xx.o
 .debug_ranges  0x00000140       0xd0 Drivers/STM32F3xx_HAL_Driver/stm32f3xx_hal.o
 .debug_ranges  0x00000210      0x128 Drivers/STM32F3xx_HAL_Driver/stm32f3xx_hal_can.o
 .debug_ranges  0x00000338       0xe0 Drivers/STM32F3xx_HAL_Driver/stm32f3xx_hal_cortex.o
 .debug_ranges  0x00000418       0x48 Drivers/STM32F3xx_HAL_Driver/stm32f3xx_hal_gpio.o
 .debug_ranges  0x00000460       0x98 Drivers/STM32F3xx_HAL_Driver/stm32f3xx_hal_rcc.o
 .debug_ranges  0x000004f8      0x1c8 Middlewares/FreeRTOS/cmsis_os.o
 .debug_ranges  0x000006c0       0x40 Middlewares/FreeRTOS/heap_4.o
 .debug_ranges  0x00000700       0x30 Middlewares/FreeRTOS/list.o
 .debug_ranges  0x00000730       0x70 Middlewares/FreeRTOS/port.o
 .debug_ranges  0x000007a0      0x1f0 Middlewares/FreeRTOS/tasks.o

.debug_loc      0x00000000     0x45e6
 .debug_loc     0x00000000       0x7c Application/User/can.o
 .debug_loc     0x0000007c       0x21 Application/User/freertos.o
 .debug_loc     0x0000009d       0xff Drivers/CMSIS/system_stm32f3xx.o
 .debug_loc     0x0000019c       0xfd Drivers/STM32F3xx_HAL_Driver/stm32f3xx_hal.o
 .debug_loc     0x00000299      0xc41 Drivers/STM32F3xx_HAL_Driver/stm32f3xx_hal_can.o
 .debug_loc     0x00000eda      0x5ad Drivers/STM32F3xx_HAL_Driver/stm32f3xx_hal_cortex.o
 .debug_loc     0x00001487      0x361 Drivers/STM32F3xx_HAL_Driver/stm32f3xx_hal_gpio.o
 .debug_loc     0x000017e8      0x951 Drivers/STM32F3xx_HAL_Driver/stm32f3xx_hal_rcc.o
 .debug_loc     0x00002139      0xee1 Middlewares/FreeRTOS/cmsis_os.o
 .debug_loc     0x0000301a      0x291 Middlewares/FreeRTOS/heap_4.o
 .debug_loc     0x000032ab       0x70 Middlewares/FreeRTOS/list.o
 .debug_loc     0x0000331b       0xdc Middlewares/FreeRTOS/port.o
 .debug_loc     0x000033f7     0x11ef Middlewares/FreeRTOS/tasks.o

.debug_macro    0x00000000    0x17cb5
 .debug_macro   0x00000000      0x32f Application/User/can.o
 .debug_macro   0x0000032f       0xe8 Application/User/can.o
 .debug_macro   0x00000417       0x9f Application/User/can.o
 .debug_macro   0x000004b6       0x2f Application/User/can.o
 .debug_macro   0x000004e5       0x28 Application/User/can.o
 .debug_macro   0x0000050d       0x8e Application/User/can.o
 .debug_macro   0x0000059b       0x51 Application/User/can.o
 .debug_macro   0x000005ec       0xef Application/User/can.o
 .debug_macro   0x000006db      0x1df Application/User/can.o
 .debug_macro   0x000008ba       0x35 Application/User/can.o
 .debug_macro   0x000008ef       0x50 Application/User/can.o
 .debug_macro   0x0000093f      0xd40 Application/User/can.o
 .debug_macro   0x0000167f    0x10bf5 Application/User/can.o
 .debug_macro   0x00012274       0x43 Application/User/can.o
 .debug_macro   0x000122b7       0x5e Application/User/can.o
 .debug_macro   0x00012315       0x16 Application/User/can.o
 .debug_macro   0x0001232b       0x97 Application/User/can.o
 .debug_macro   0x000123c2       0xfd Application/User/can.o
 .debug_macro   0x000124bf       0x49 Application/User/can.o
 .debug_macro   0x00012508      0x8ff Application/User/can.o
 .debug_macro   0x00012e07      0x304 Application/User/can.o
 .debug_macro   0x0001310b      0x13a Application/User/can.o
 .debug_macro   0x00013245      0x11b Application/User/can.o
 .debug_macro   0x00013360      0x1bc Application/User/can.o
 .debug_macro   0x0001351c       0x34 Application/User/can.o
 .debug_macro   0x00013550       0x3c Application/User/can.o
 .debug_macro   0x0001358c       0x57 Application/User/can.o
 .debug_macro   0x000135e3      0x40f Application/User/can.o
 .debug_macro   0x000139f2       0xcb Application/User/can.o
 .debug_macro   0x00013abd      0x1a0 Application/User/can.o
 .debug_macro   0x00013c5d      0x209 Application/User/can.o
 .debug_macro   0x00013e66       0x5b Application/User/can.o
 .debug_macro   0x00013ec1       0x90 Application/User/can.o
 .debug_macro   0x00013f51       0x82 Application/User/can.o
 .debug_macro   0x00013fd3       0xd3 Application/User/can.o
 .debug_macro   0x000140a6      0x28c Application/User/can.o
 .debug_macro   0x00014332      0x3bf Application/User/freertos.o
 .debug_macro   0x000146f1       0xd8 Application/User/freertos.o
 .debug_macro   0x000147c9      0x168 Application/User/freertos.o
 .debug_macro   0x00014931       0xe4 Application/User/freertos.o
 .debug_macro   0x00014a15       0x10 Application/User/freertos.o
 .debug_macro   0x00014a25       0x1f Application/User/freertos.o
 .debug_macro   0x00014a44      0x40f Application/User/freertos.o
 .debug_macro   0x00014e53       0xc0 Application/User/freertos.o
 .debug_macro   0x00014f13       0x8c Application/User/freertos.o
 .debug_macro   0x00014f9f       0x91 Application/User/freertos.o
 .debug_macro   0x00015030       0x94 Application/User/freertos.o
 .debug_macro   0x000150c4       0x63 Application/User/freertos.o
 .debug_macro   0x00015127       0x19 Application/User/freertos.o
 .debug_macro   0x00015140       0xcf Application/User/freertos.o
 .debug_macro   0x0001520f       0x3b Application/User/freertos.o
 .debug_macro   0x0001524a      0x30d Application/User/gpio.o
 .debug_macro   0x00015557      0x3cf Application/User/main.o
 .debug_macro   0x00015926       0xd8 Application/User/main.o
 .debug_macro   0x000159fe      0x303 Application/User/stm32f3xx_hal_msp.o
 .debug_macro   0x00015d01      0x3c1 Application/User/stm32f3xx_it.o
 .debug_macro   0x000160c2      0x309 Drivers/CMSIS/system_stm32f3xx.o
 .debug_macro   0x000163cb      0x327 Drivers/STM32F3xx_HAL_Driver/stm32f3xx_hal.o
 .debug_macro   0x000166f2      0x30b Drivers/STM32F3xx_HAL_Driver/stm32f3xx_hal_can.o
 .debug_macro   0x000169fd      0x303 Drivers/STM32F3xx_HAL_Driver/stm32f3xx_hal_cortex.o
 .debug_macro   0x00016d00      0x33b Drivers/STM32F3xx_HAL_Driver/stm32f3xx_hal_gpio.o
 .debug_macro   0x0001703b      0x327 Drivers/STM32F3xx_HAL_Driver/stm32f3xx_hal_rcc.o
 .debug_macro   0x00017362      0x1ed Middlewares/FreeRTOS/cmsis_os.o
 .debug_macro   0x0001754f       0x10 Middlewares/FreeRTOS/cmsis_os.o
 .debug_macro   0x0001755f       0x26 Middlewares/FreeRTOS/cmsis_os.o
 .debug_macro   0x00017585      0x1a2 Middlewares/FreeRTOS/heap_4.o
 .debug_macro   0x00017727      0x17b Middlewares/FreeRTOS/list.o
 .debug_macro   0x000178a2      0x19e Middlewares/FreeRTOS/port.o
 .debug_macro   0x00017a40      0x264 Middlewares/FreeRTOS/tasks.o
 .debug_macro   0x00017ca4       0x11 Middlewares/FreeRTOS/tasks.o

.comment        0x00000000       0x7f
 .comment       0x00000000       0x7f Application/User/can.o
                                 0x80 (size before relaxing)
 .comment       0x0000007f       0x80 Application/User/freertos.o
 .comment       0x0000007f       0x80 Application/User/gpio.o
 .comment       0x0000007f       0x80 Application/User/main.o
 .comment       0x0000007f       0x80 Application/User/stm32f3xx_hal_msp.o
 .comment       0x0000007f       0x80 Application/User/stm32f3xx_it.o
 .comment       0x0000007f       0x80 Drivers/CMSIS/system_stm32f3xx.o
 .comment       0x0000007f       0x80 Drivers/STM32F3xx_HAL_Driver/stm32f3xx_hal.o
 .comment       0x0000007f       0x80 Drivers/STM32F3xx_HAL_Driver/stm32f3xx_hal_can.o
 .comment       0x0000007f       0x80 Drivers/STM32F3xx_HAL_Driver/stm32f3xx_hal_cortex.o
 .comment       0x0000007f       0x80 Drivers/STM32F3xx_HAL_Driver/stm32f3xx_hal_gpio.o
 .comment       0x0000007f       0x80 Drivers/STM32F3xx_HAL_Driver/stm32f3xx_hal_rcc.o
 .comment       0x0000007f       0x80 Middlewares/FreeRTOS/cmsis_os.o
 .comment       0x0000007f       0x80 Middlewares/FreeRTOS/heap_4.o
 .comment       0x0000007f       0x80 Middlewares/FreeRTOS/list.o
 .comment       0x0000007f       0x80 Middlewares/FreeRTOS/port.o
 .comment       0x0000007f       0x80 Middlewares/FreeRTOS/tasks.o

.debug_frame    0x00000000     0x17d0
 .debug_frame   0x00000000       0xd0 Application/User/can.o
 .debug_frame   0x000000d0       0x7c Application/User/freertos.o
 .debug_frame   0x0000014c       0x34 Application/User/gpio.o
 .debug_frame   0x00000180       0x58 Application/User/main.o
 .debug_frame   0x000001d8       0x2c Application/User/stm32f3xx_hal_msp.o
 .debug_frame   0x00000204       0xb8 Application/User/stm32f3xx_it.o
 .debug_frame   0x000002bc       0x30 Drivers/CMSIS/system_stm32f3xx.o
 .debug_frame   0x000002ec      0x1cc Drivers/STM32F3xx_HAL_Driver/stm32f3xx_hal.o
 .debug_frame   0x000004b8      0x2e4 Drivers/STM32F3xx_HAL_Driver/stm32f3xx_hal_can.o
 .debug_frame   0x0000079c      0x12c Drivers/STM32F3xx_HAL_Driver/stm32f3xx_hal_cortex.o
 .debug_frame   0x000008c8       0xec Drivers/STM32F3xx_HAL_Driver/stm32f3xx_hal_gpio.o
 .debug_frame   0x000009b4      0x17c Drivers/STM32F3xx_HAL_Driver/stm32f3xx_hal_rcc.o
 .debug_frame   0x00000b30      0x584 Middlewares/FreeRTOS/cmsis_os.o
 .debug_frame   0x000010b4       0xac Middlewares/FreeRTOS/heap_4.o
 .debug_frame   0x00001160       0x6c Middlewares/FreeRTOS/list.o
 .debug_frame   0x000011cc       0xf0 Middlewares/FreeRTOS/port.o
 .debug_frame   0x000012bc      0x4e8 Middlewares/FreeRTOS/tasks.o
 .debug_frame   0x000017a4       0x2c c:/ac6/systemworkbench/plugins/fr.ac6.mcu.externaltools.arm-none.win32_1.17.0.201812190825/tools/compiler/bin/../lib/gcc/arm-none-eabi/7.3.1/../../../../arm-none-eabi/lib/thumb/v7e-m/fpv4-sp/hard\libc_nano.a(lib_a-init.o)
