Archive member included to satisfy reference by file (symbol)

c:/ac6/systemworkbench/plugins/fr.ac6.mcu.externaltools.arm-none.win32_1.16.0.201807130628/tools/compiler/bin/../lib/gcc/arm-none-eabi/7.2.1/thumb/v7e-m/fpv4-sp/hard\libgcc.a(_aeabi_uldivmod.o)
                              Drivers/STM32F4xx_HAL_Driver/stm32f4xx_hal_rcc.o (__aeabi_uldivmod)
c:/ac6/systemworkbench/plugins/fr.ac6.mcu.externaltools.arm-none.win32_1.16.0.201807130628/tools/compiler/bin/../lib/gcc/arm-none-eabi/7.2.1/thumb/v7e-m/fpv4-sp/hard\libgcc.a(_udivmoddi4.o)
                              c:/ac6/systemworkbench/plugins/fr.ac6.mcu.externaltools.arm-none.win32_1.16.0.201807130628/tools/compiler/bin/../lib/gcc/arm-none-eabi/7.2.1/thumb/v7e-m/fpv4-sp/hard\libgcc.a(_aeabi_uldivmod.o) (__udivmoddi4)
c:/ac6/systemworkbench/plugins/fr.ac6.mcu.externaltools.arm-none.win32_1.16.0.201807130628/tools/compiler/bin/../lib/gcc/arm-none-eabi/7.2.1/thumb/v7e-m/fpv4-sp/hard\libgcc.a(_dvmd_tls.o)
                              c:/ac6/systemworkbench/plugins/fr.ac6.mcu.externaltools.arm-none.win32_1.16.0.201807130628/tools/compiler/bin/../lib/gcc/arm-none-eabi/7.2.1/thumb/v7e-m/fpv4-sp/hard\libgcc.a(_aeabi_uldivmod.o) (__aeabi_ldiv0)
c:/ac6/systemworkbench/plugins/fr.ac6.mcu.externaltools.arm-none.win32_1.16.0.201807130628/tools/compiler/bin/../lib/gcc/arm-none-eabi/7.2.1/../../../../arm-none-eabi/lib/thumb/v7e-m/fpv4-sp/hard\libc_nano.a(lib_a-exit.o)
                              c:/ac6/systemworkbench/plugins/fr.ac6.mcu.externaltools.arm-none.win32_1.16.0.201807130628/tools/compiler/bin/../lib/gcc/arm-none-eabi/7.2.1/../../../../arm-none-eabi/lib/thumb/v7e-m/fpv4-sp/hard/crt0.o (exit)
c:/ac6/systemworkbench/plugins/fr.ac6.mcu.externaltools.arm-none.win32_1.16.0.201807130628/tools/compiler/bin/../lib/gcc/arm-none-eabi/7.2.1/../../../../arm-none-eabi/lib/thumb/v7e-m/fpv4-sp/hard\libc_nano.a(lib_a-impure.o)
                              c:/ac6/systemworkbench/plugins/fr.ac6.mcu.externaltools.arm-none.win32_1.16.0.201807130628/tools/compiler/bin/../lib/gcc/arm-none-eabi/7.2.1/../../../../arm-none-eabi/lib/thumb/v7e-m/fpv4-sp/hard\libc_nano.a(lib_a-exit.o) (_global_impure_ptr)
c:/ac6/systemworkbench/plugins/fr.ac6.mcu.externaltools.arm-none.win32_1.16.0.201807130628/tools/compiler/bin/../lib/gcc/arm-none-eabi/7.2.1/../../../../arm-none-eabi/lib/thumb/v7e-m/fpv4-sp/hard\libc_nano.a(lib_a-init.o)
                              c:/ac6/systemworkbench/plugins/fr.ac6.mcu.externaltools.arm-none.win32_1.16.0.201807130628/tools/compiler/bin/../lib/gcc/arm-none-eabi/7.2.1/../../../../arm-none-eabi/lib/thumb/v7e-m/fpv4-sp/hard/crt0.o (__libc_init_array)
c:/ac6/systemworkbench/plugins/fr.ac6.mcu.externaltools.arm-none.win32_1.16.0.201807130628/tools/compiler/bin/../lib/gcc/arm-none-eabi/7.2.1/../../../../arm-none-eabi/lib/thumb/v7e-m/fpv4-sp/hard\libc_nano.a(lib_a-memset.o)
                              c:/ac6/systemworkbench/plugins/fr.ac6.mcu.externaltools.arm-none.win32_1.16.0.201807130628/tools/compiler/bin/../lib/gcc/arm-none-eabi/7.2.1/../../../../arm-none-eabi/lib/thumb/v7e-m/fpv4-sp/hard/crt0.o (memset)
c:/ac6/systemworkbench/plugins/fr.ac6.mcu.externaltools.arm-none.win32_1.16.0.201807130628/tools/compiler/bin/../lib/gcc/arm-none-eabi/7.2.1/../../../../arm-none-eabi/lib/thumb/v7e-m/fpv4-sp/hard\libnosys.a(_exit.o)
                              c:/ac6/systemworkbench/plugins/fr.ac6.mcu.externaltools.arm-none.win32_1.16.0.201807130628/tools/compiler/bin/../lib/gcc/arm-none-eabi/7.2.1/../../../../arm-none-eabi/lib/thumb/v7e-m/fpv4-sp/hard\libc_nano.a(lib_a-exit.o) (_exit)

Allocating common symbols
Common symbol       size              file

sFilterConfig       0x28              Application/User/can.o
uwTick              0x4               Drivers/STM32F4xx_HAL_Driver/stm32f4xx_hal.o
pFlash              0x20              Drivers/STM32F4xx_HAL_Driver/stm32f4xx_hal_flash.o
TxData              0x8               Application/User/can.o
TxMailbox           0x4               Application/User/can.o
RxData              0x8               Application/User/can.o
hcan1               0x28              Application/User/can.o
TxHeader            0x18              Application/User/can.o
RxHeader            0x1c              Application/User/can.o

Discarded input sections

 .text          0x00000000        0x0 c:/ac6/systemworkbench/plugins/fr.ac6.mcu.externaltools.arm-none.win32_1.16.0.201807130628/tools/compiler/bin/../lib/gcc/arm-none-eabi/7.2.1/thumb/v7e-m/fpv4-sp/hard/crti.o
 .data          0x00000000        0x0 c:/ac6/systemworkbench/plugins/fr.ac6.mcu.externaltools.arm-none.win32_1.16.0.201807130628/tools/compiler/bin/../lib/gcc/arm-none-eabi/7.2.1/thumb/v7e-m/fpv4-sp/hard/crti.o
 .bss           0x00000000        0x0 c:/ac6/systemworkbench/plugins/fr.ac6.mcu.externaltools.arm-none.win32_1.16.0.201807130628/tools/compiler/bin/../lib/gcc/arm-none-eabi/7.2.1/thumb/v7e-m/fpv4-sp/hard/crti.o
[...]
Memory Configuration

Name             Origin             Length             Attributes
RAM              0x20000000         0x00020000         xrw
CCMRAM           0x10000000         0x00010000         rw
FLASH            0x08000000         0x00100000         xr
*default*        0x00000000         0xffffffff

Linker script and memory map

LOAD c:/ac6/systemworkbench/plugins/fr.ac6.mcu.externaltools.arm-none.win32_1.16.0.201807130628/tools/compiler/bin/../lib/gcc/arm-none-eabi/7.2.1/thumb/v7e-m/fpv4-sp/hard/crti.o
LOAD c:/ac6/systemworkbench/plugins/fr.ac6.mcu.externaltools.arm-none.win32_1.16.0.201807130628/tools/compiler/bin/../lib/gcc/arm-none-eabi/7.2.1/thumb/v7e-m/fpv4-sp/hard/crtbegin.o
LOAD c:/ac6/systemworkbench/plugins/fr.ac6.mcu.externaltools.arm-none.win32_1.16.0.201807130628/tools/compiler/bin/../lib/gcc/arm-none-eabi/7.2.1/../../../../arm-none-eabi/lib/thumb/v7e-m/fpv4-sp/hard/crt0.o
LOAD Application/SW4STM32/startup_stm32f407xx.o
LOAD Application/User/can.o
LOAD Application/User/gpio.o
LOAD Application/User/main.o
LOAD Application/User/stm32f4xx_hal_msp.o
LOAD Application/User/stm32f4xx_it.o
LOAD Drivers/CMSIS/system_stm32f4xx.o
LOAD Drivers/STM32F4xx_HAL_Driver/stm32f4xx_hal.o
LOAD Drivers/STM32F4xx_HAL_Driver/stm32f4xx_hal_can.o
LOAD Drivers/STM32F4xx_HAL_Driver/stm32f4xx_hal_cortex.o
LOAD Drivers/STM32F4xx_HAL_Driver/stm32f4xx_hal_dma.o
LOAD Drivers/STM32F4xx_HAL_Driver/stm32f4xx_hal_dma_ex.o
LOAD Drivers/STM32F4xx_HAL_Driver/stm32f4xx_hal_flash.o
LOAD Drivers/STM32F4xx_HAL_Driver/stm32f4xx_hal_flash_ex.o
LOAD Drivers/STM32F4xx_HAL_Driver/stm32f4xx_hal_flash_ramfunc.o
LOAD Drivers/STM32F4xx_HAL_Driver/stm32f4xx_hal_gpio.o
LOAD Drivers/STM32F4xx_HAL_Driver/stm32f4xx_hal_pwr.o
LOAD Drivers/STM32F4xx_HAL_Driver/stm32f4xx_hal_pwr_ex.o
LOAD Drivers/STM32F4xx_HAL_Driver/stm32f4xx_hal_rcc.o
LOAD Drivers/STM32F4xx_HAL_Driver/stm32f4xx_hal_rcc_ex.o
LOAD Drivers/STM32F4xx_HAL_Driver/stm32f4xx_hal_tim.o
LOAD Drivers/STM32F4xx_HAL_Driver/stm32f4xx_hal_tim_ex.o
LOAD c:/ac6/systemworkbench/plugins/fr.ac6.mcu.externaltools.arm-none.win32_1.16.0.201807130628/tools/compiler/bin/../lib/gcc/arm-none-eabi/7.2.1/../../../../arm-none-eabi/lib/thumb/v7e-m/fpv4-sp/hard\libm.a
START GROUP
LOAD c:/ac6/systemworkbench/plugins/fr.ac6.mcu.externaltools.arm-none.win32_1.16.0.201807130628/tools/compiler/bin/../lib/gcc/arm-none-eabi/7.2.1/thumb/v7e-m/fpv4-sp/hard\libgcc.a
LOAD c:/ac6/systemworkbench/plugins/fr.ac6.mcu.externaltools.arm-none.win32_1.16.0.201807130628/tools/compiler/bin/../lib/gcc/arm-none-eabi/7.2.1/../../../../arm-none-eabi/lib/thumb/v7e-m/fpv4-sp/hard\libc_nano.a
END GROUP
START GROUP
LOAD c:/ac6/systemworkbench/plugins/fr.ac6.mcu.externaltools.arm-none.win32_1.16.0.201807130628/tools/compiler/bin/../lib/gcc/arm-none-eabi/7.2.1/thumb/v7e-m/fpv4-sp/hard\libgcc.a
LOAD c:/ac6/systemworkbench/plugins/fr.ac6.mcu.externaltools.arm-none.win32_1.16.0.201807130628/tools/compiler/bin/../lib/gcc/arm-none-eabi/7.2.1/../../../../arm-none-eabi/lib/thumb/v7e-m/fpv4-sp/hard\libc_nano.a
LOAD c:/ac6/systemworkbench/plugins/fr.ac6.mcu.externaltools.arm-none.win32_1.16.0.201807130628/tools/compiler/bin/../lib/gcc/arm-none-eabi/7.2.1/../../../../arm-none-eabi/lib/thumb/v7e-m/fpv4-sp/hard\libnosys.a
END GROUP
START GROUP
LOAD c:/ac6/systemworkbench/plugins/fr.ac6.mcu.externaltools.arm-none.win32_1.16.0.201807130628/tools/compiler/bin/../lib/gcc/arm-none-eabi/7.2.1/thumb/v7e-m/fpv4-sp/hard\libgcc.a
LOAD c:/ac6/systemworkbench/plugins/fr.ac6.mcu.externaltools.arm-none.win32_1.16.0.201807130628/tools/compiler/bin/../lib/gcc/arm-none-eabi/7.2.1/../../../../arm-none-eabi/lib/thumb/v7e-m/fpv4-sp/hard\libc_nano.a
LOAD c:/ac6/systemworkbench/plugins/fr.ac6.mcu.externaltools.arm-none.win32_1.16.0.201807130628/tools/compiler/bin/../lib/gcc/arm-none-eabi/7.2.1/../../../../arm-none-eabi/lib/thumb/v7e-m/fpv4-sp/hard\libnosys.a
END GROUP
LOAD c:/ac6/systemworkbench/plugins/fr.ac6.mcu.externaltools.arm-none.win32_1.16.0.201807130628/tools/compiler/bin/../lib/gcc/arm-none-eabi/7.2.1/thumb/v7e-m/fpv4-sp/hard/crtend.o
LOAD c:/ac6/systemworkbench/plugins/fr.ac6.mcu.externaltools.arm-none.win32_1.16.0.201807130628/tools/compiler/bin/../lib/gcc/arm-none-eabi/7.2.1/thumb/v7e-m/fpv4-sp/hard/crtn.o
                0x20020000                _estack = 0x20020000
                0x00000200                _Min_Heap_Size = 0x200
                0x00000400                _Min_Stack_Size = 0x400

.isr_vector     0x08000000      0x188
                0x08000000                . = ALIGN (0x4)
 *(.isr_vector)
 .isr_vector    0x08000000      0x188 Application/SW4STM32/startup_stm32f407xx.o
                0x08000000                g_pfnVectors
                0x08000188                . = ALIGN (0x4)

.text           0x08000188     0x1968
                0x08000188                . = ALIGN (0x4)
 *(.text)
 .text          0x08000188       0x40 c:/ac6/systemworkbench/plugins/fr.ac6.mcu.externaltools.arm-none.win32_1.16.0.201807130628/tools/compiler/bin/../lib/gcc/arm-none-eabi/7.2.1/thumb/v7e-m/fpv4-sp/hard/crtbegin.o
 .text          0x080001c8       0x30 c:/ac6/systemworkbench/plugins/fr.ac6.mcu.externaltools.arm-none.win32_1.16.0.201807130628/tools/compiler/bin/../lib/gcc/arm-none-eabi/7.2.1/thumb/v7e-m/fpv4-sp/hard\libgcc.a(_aeabi_uldivmod.o)
                0x080001c8                __aeabi_uldivmod
 .text          0x080001f8      0x2cc c:/ac6/systemworkbench/plugins/fr.ac6.mcu.externaltools.arm-none.win32_1.16.0.201807130628/tools/compiler/bin/../lib/gcc/arm-none-eabi/7.2.1/thumb/v7e-m/fpv4-sp/hard\libgcc.a(_udivmoddi4.o)
                0x080001f8                __udivmoddi4
 .text          0x080004c4        0x4 c:/ac6/systemworkbench/plugins/fr.ac6.mcu.externaltools.arm-none.win32_1.16.0.201807130628/tools/compiler/bin/../lib/gcc/arm-none-eabi/7.2.1/thumb/v7e-m/fpv4-sp/hard\libgcc.a(_dvmd_tls.o)
                0x080004c4                __aeabi_idiv0
                0x080004c4                __aeabi_ldiv0
 *(.text*)
 .text.Reset_Handler
                0x080004c8       0x50 Application/SW4STM32/startup_stm32f407xx.o
                0x080004c8                Reset_Handler
 .text.Default_Handler
                0x08000518        0x2 Application/SW4STM32/startup_stm32f407xx.o
                0x08000518                RTC_Alarm_IRQHandler
                0x08000518                HASH_RNG_IRQHandler
                0x08000518                EXTI2_IRQHandler
                0x08000518                TIM8_CC_IRQHandler
                0x08000518                DebugMon_Handler
                0x08000518                TIM1_CC_IRQHandler
                0x08000518                DMA2_Stream5_IRQHandler
                0x08000518                HardFault_Handler
                0x08000518                DMA1_Stream5_IRQHandler
                0x08000518                PVD_IRQHandler
                0x08000518                SDIO_IRQHandler
                0x08000518                TAMP_STAMP_IRQHandler
                0x08000518                NMI_Handler
                0x08000518                CAN2_RX1_IRQHandler
                0x08000518                EXTI3_IRQHandler
                0x08000518                TIM8_TRG_COM_TIM14_IRQHandler
                0x08000518                TIM1_UP_TIM10_IRQHandler
                0x08000518                TIM8_UP_TIM13_IRQHandler
                0x08000518                I2C3_ER_IRQHandler
                0x08000518                EXTI0_IRQHandler
                0x08000518                I2C2_EV_IRQHandler
                0x08000518                DMA1_Stream2_IRQHandler
                0x08000518                FPU_IRQHandler
                0x08000518                OTG_HS_WKUP_IRQHandler
                0x08000518                UsageFault_Handler
                0x08000518                CAN2_SCE_IRQHandler
                0x08000518                DMA2_Stream2_IRQHandler
                0x08000518                SPI1_IRQHandler
                0x08000518                TIM6_DAC_IRQHandler
                0x08000518                TIM1_BRK_TIM9_IRQHandler
                0x08000518                DCMI_IRQHandler
                0x08000518                CAN2_RX0_IRQHandler
                0x08000518                DMA2_Stream3_IRQHandler
                0x08000518                USART6_IRQHandler
                0x08000518                USART3_IRQHandler
                0x08000518                CAN1_RX1_IRQHandler
                0x08000518                UART5_IRQHandler
                0x08000518                DMA2_Stream0_IRQHandler
                0x08000518                TIM4_IRQHandler
                0x08000518                I2C1_EV_IRQHandler
                0x08000518                DMA1_Stream6_IRQHandler
                0x08000518                DMA1_Stream1_IRQHandler
                0x08000518                UART4_IRQHandler
                0x08000518                TIM3_IRQHandler
                0x08000518                RCC_IRQHandler
                0x08000518                TIM8_BRK_TIM12_IRQHandler
                0x08000518                Default_Handler
                0x08000518                EXTI15_10_IRQHandler
                0x08000518                ADC_IRQHandler
                0x08000518                DMA1_Stream7_IRQHandler
                0x08000518                TIM7_IRQHandler
                0x08000518                CAN2_TX_IRQHandler
                0x08000518                TIM5_IRQHandler
                0x08000518                DMA2_Stream7_IRQHandler
                0x08000518                I2C3_EV_IRQHandler
                0x08000518                EXTI9_5_IRQHandler
                0x08000518                RTC_WKUP_IRQHandler
                0x08000518                ETH_WKUP_IRQHandler
                0x08000518                SPI2_IRQHandler
                0x08000518                OTG_HS_EP1_IN_IRQHandler
                0x08000518                MemManage_Handler
                0x08000518                DMA1_Stream0_IRQHandler
                0x08000518                EXTI4_IRQHandler
                0x08000518                FSMC_IRQHandler
                0x08000518                ETH_IRQHandler
                0x08000518                OTG_HS_EP1_OUT_IRQHandler
                0x08000518                WWDG_IRQHandler
                0x08000518                TIM2_IRQHandler
                0x08000518                OTG_FS_WKUP_IRQHandler
                0x08000518                TIM1_TRG_COM_TIM11_IRQHandler
                0x08000518                OTG_HS_IRQHandler
                0x08000518                EXTI1_IRQHandler
                0x08000518                USART2_IRQHandler
                0x08000518                I2C2_ER_IRQHandler
                0x08000518                DMA2_Stream1_IRQHandler
                0x08000518                CAN1_SCE_IRQHandler
                0x08000518                FLASH_IRQHandler
                0x08000518                DMA2_Stream4_IRQHandler
                0x08000518                BusFault_Handler
                0x08000518                USART1_IRQHandler
                0x08000518                OTG_FS_IRQHandler
                0x08000518                SPI3_IRQHandler
                0x08000518                DMA1_Stream4_IRQHandler
                0x08000518                I2C1_ER_IRQHandler
                0x08000518                DMA2_Stream6_IRQHandler
                0x08000518                DMA1_Stream3_IRQHandler
 *fill*         0x0800051a        0x2 
 .text.MX_CAN1_Init
                0x0800051c       0xe0 Application/User/can.o
                0x0800051c                MX_CAN1_Init
 .text.JDO_SendCan
                0x080005fc       0x30 Application/User/can.o
                0x080005fc                JDO_SendCan
 .text.HAL_CAN_MspInit
                0x0800062c       0x6c Application/User/can.o
                0x0800062c                HAL_CAN_MspInit
 .text.HAL_CAN_TxMailbox0CompleteCallback
                0x08000698       0x14 Application/User/can.o
                0x08000698                HAL_CAN_TxMailbox0CompleteCallback
 .text.HAL_CAN_RxFifo0MsgPendingCallback
                0x080006ac       0x2c Application/User/can.o
                0x080006ac                HAL_CAN_RxFifo0MsgPendingCallback
 .text.MX_GPIO_Init
                0x080006d8       0x74 Application/User/gpio.o
                0x080006d8                MX_GPIO_Init
 .text._Error_Handler
                0x0800074c        0x2 Application/User/main.o
                0x0800074c                _Error_Handler
 *fill*         0x0800074e        0x2 
 .text.SystemClock_Config
                0x08000750       0xc0 Application/User/main.o
                0x08000750                SystemClock_Config
 .text.main     0x08000810       0x48 Application/User/main.o
                0x08000810                main
 .text.HAL_MspInit
                0x08000858       0x94 Application/User/stm32f4xx_hal_msp.o
                0x08000858                HAL_MspInit
 .text.SVC_Handler
                0x080008ec        0x2 Application/User/stm32f4xx_it.o
                0x080008ec                SVC_Handler
 .text.PendSV_Handler
                0x080008ee        0x2 Application/User/stm32f4xx_it.o
                0x080008ee                PendSV_Handler
 .text.SysTick_Handler
                0x080008f0        0xc Application/User/stm32f4xx_it.o
                0x080008f0                SysTick_Handler
 .text.CAN1_TX_IRQHandler
                0x080008fc       0x10 Application/User/stm32f4xx_it.o
                0x080008fc                CAN1_TX_IRQHandler
 .text.CAN1_RX0_IRQHandler
                0x0800090c       0x10 Application/User/stm32f4xx_it.o
                0x0800090c                CAN1_RX0_IRQHandler
 .text.SystemInit
                0x0800091c       0x4c Drivers/CMSIS/system_stm32f4xx.o
                0x0800091c                SystemInit
 .text.HAL_InitTick
                0x08000968       0x48 Drivers/STM32F4xx_HAL_Driver/stm32f4xx_hal.o
                0x08000968                HAL_InitTick
 .text.HAL_Init
                0x080009b0       0x34 Drivers/STM32F4xx_HAL_Driver/stm32f4xx_hal.o
                0x080009b0                HAL_Init
 .text.HAL_IncTick
                0x080009e4       0x18 Drivers/STM32F4xx_HAL_Driver/stm32f4xx_hal.o
                0x080009e4                HAL_IncTick
 .text.HAL_GetTick
                0x080009fc        0xc Drivers/STM32F4xx_HAL_Driver/stm32f4xx_hal.o
                0x080009fc                HAL_GetTick
 .text.HAL_Delay
                0x08000a08       0x28 Drivers/STM32F4xx_HAL_Driver/stm32f4xx_hal.o
                0x08000a08                HAL_Delay
 .text.HAL_CAN_Init
                0x08000a30      0x14c Drivers/STM32F4xx_HAL_Driver/stm32f4xx_hal_can.o
                0x08000a30                HAL_CAN_Init
 .text.HAL_CAN_ConfigFilter
                0x08000b7c      0x130 Drivers/STM32F4xx_HAL_Driver/stm32f4xx_hal_can.o
                0x08000b7c                HAL_CAN_ConfigFilter
 .text.HAL_CAN_Start
                0x08000cac       0x5c Drivers/STM32F4xx_HAL_Driver/stm32f4xx_hal_can.o
                0x08000cac                HAL_CAN_Start
 .text.HAL_CAN_AddTxMessage
                0x08000d08       0xf4 Drivers/STM32F4xx_HAL_Driver/stm32f4xx_hal_can.o
                0x08000d08                HAL_CAN_AddTxMessage
 .text.HAL_CAN_GetRxMessage
                0x08000dfc      0x13e Drivers/STM32F4xx_HAL_Driver/stm32f4xx_hal_can.o
                0x08000dfc                HAL_CAN_GetRxMessage
 .text.HAL_CAN_ActivateNotification
                0x08000f3a       0x2c Drivers/STM32F4xx_HAL_Driver/stm32f4xx_hal_can.o
                0x08000f3a                HAL_CAN_ActivateNotification
 .text.HAL_CAN_TxMailbox1CompleteCallback
                0x08000f66        0x2 Drivers/STM32F4xx_HAL_Driver/stm32f4xx_hal_can.o
                0x08000f66                HAL_CAN_TxMailbox1CompleteCallback
 .text.HAL_CAN_TxMailbox2CompleteCallback
                0x08000f68        0x2 Drivers/STM32F4xx_HAL_Driver/stm32f4xx_hal_can.o
                0x08000f68                HAL_CAN_TxMailbox2CompleteCallback
 .text.HAL_CAN_TxMailbox0AbortCallback
                0x08000f6a        0x2 Drivers/STM32F4xx_HAL_Driver/stm32f4xx_hal_can.o
                0x08000f6a                HAL_CAN_TxMailbox0AbortCallback
 .text.HAL_CAN_TxMailbox1AbortCallback
                0x08000f6c        0x2 Drivers/STM32F4xx_HAL_Driver/stm32f4xx_hal_can.o
                0x08000f6c                HAL_CAN_TxMailbox1AbortCallback
 .text.HAL_CAN_TxMailbox2AbortCallback
                0x08000f6e        0x2 Drivers/STM32F4xx_HAL_Driver/stm32f4xx_hal_can.o
                0x08000f6e                HAL_CAN_TxMailbox2AbortCallback
 .text.HAL_CAN_RxFifo0FullCallback
                0x08000f70        0x2 Drivers/STM32F4xx_HAL_Driver/stm32f4xx_hal_can.o
                0x08000f70                HAL_CAN_RxFifo0FullCallback
 .text.HAL_CAN_RxFifo1MsgPendingCallback
                0x08000f72        0x2 Drivers/STM32F4xx_HAL_Driver/stm32f4xx_hal_can.o
                0x08000f72                HAL_CAN_RxFifo1MsgPendingCallback
 .text.HAL_CAN_RxFifo1FullCallback
                0x08000f74        0x2 Drivers/STM32F4xx_HAL_Driver/stm32f4xx_hal_can.o
                0x08000f74                HAL_CAN_RxFifo1FullCallback
 .text.HAL_CAN_SleepCallback
                0x08000f76        0x2 Drivers/STM32F4xx_HAL_Driver/stm32f4xx_hal_can.o
                0x08000f76                HAL_CAN_SleepCallback
 .text.HAL_CAN_WakeUpFromRxMsgCallback
                0x08000f78        0x2 Drivers/STM32F4xx_HAL_Driver/stm32f4xx_hal_can.o
                0x08000f78                HAL_CAN_WakeUpFromRxMsgCallback
 .text.HAL_CAN_ErrorCallback
                0x08000f7a        0x2 Drivers/STM32F4xx_HAL_Driver/stm32f4xx_hal_can.o
                0x08000f7a                HAL_CAN_ErrorCallback
 .text.HAL_CAN_IRQHandler
                0x08000f7c      0x258 Drivers/STM32F4xx_HAL_Driver/stm32f4xx_hal_can.o
                0x08000f7c                HAL_CAN_IRQHandler
 .text.HAL_NVIC_SetPriorityGrouping
                0x080011d4       0x24 Drivers/STM32F4xx_HAL_Driver/stm32f4xx_hal_cortex.o
                0x080011d4                HAL_NVIC_SetPriorityGrouping
 .text.HAL_NVIC_SetPriority
                0x080011f8       0x68 Drivers/STM32F4xx_HAL_Driver/stm32f4xx_hal_cortex.o
                0x080011f8                HAL_NVIC_SetPriority
 .text.HAL_NVIC_EnableIRQ
                0x08001260       0x18 Drivers/STM32F4xx_HAL_Driver/stm32f4xx_hal_cortex.o
                0x08001260                HAL_NVIC_EnableIRQ
 .text.HAL_SYSTICK_Config
                0x08001278       0x2c Drivers/STM32F4xx_HAL_Driver/stm32f4xx_hal_cortex.o
                0x08001278                HAL_SYSTICK_Config
 .text.HAL_SYSTICK_CLKSourceConfig
                0x080012a4       0x20 Drivers/STM32F4xx_HAL_Driver/stm32f4xx_hal_cortex.o
                0x080012a4                HAL_SYSTICK_CLKSourceConfig
 .text.HAL_SYSTICK_Callback
                0x080012c4        0x2 Drivers/STM32F4xx_HAL_Driver/stm32f4xx_hal_cortex.o
                0x080012c4                HAL_SYSTICK_Callback
 .text.HAL_SYSTICK_IRQHandler
                0x080012c6        0x8 Drivers/STM32F4xx_HAL_Driver/stm32f4xx_hal_cortex.o
                0x080012c6                HAL_SYSTICK_IRQHandler
 *fill*         0x080012ce        0x2 
 .text.HAL_GPIO_Init
                0x080012d0      0x1c8 Drivers/STM32F4xx_HAL_Driver/stm32f4xx_hal_gpio.o
                0x080012d0                HAL_GPIO_Init
 .text.HAL_GPIO_ReadPin
                0x08001498        0xe Drivers/STM32F4xx_HAL_Driver/stm32f4xx_hal_gpio.o
                0x08001498                HAL_GPIO_ReadPin
 .text.HAL_GPIO_WritePin
                0x080014a6        0xc Drivers/STM32F4xx_HAL_Driver/stm32f4xx_hal_gpio.o
                0x080014a6                HAL_GPIO_WritePin
 .text.HAL_GPIO_TogglePin
                0x080014b2        0x8 Drivers/STM32F4xx_HAL_Driver/stm32f4xx_hal_gpio.o
                0x080014b2                HAL_GPIO_TogglePin
 *fill*         0x080014ba        0x2 
 .text.HAL_RCC_OscConfig
                0x080014bc      0x398 Drivers/STM32F4xx_HAL_Driver/stm32f4xx_hal_rcc.o
                0x080014bc                HAL_RCC_OscConfig
 .text.HAL_RCC_GetSysClockFreq
                0x08001854       0xd8 Drivers/STM32F4xx_HAL_Driver/stm32f4xx_hal_rcc.o
                0x08001854                HAL_RCC_GetSysClockFreq
 .text.HAL_RCC_ClockConfig
                0x0800192c      0x158 Drivers/STM32F4xx_HAL_Driver/stm32f4xx_hal_rcc.o
                0x0800192c                HAL_RCC_ClockConfig
 .text.HAL_RCC_GetHCLKFreq
                0x08001a84        0xc Drivers/STM32F4xx_HAL_Driver/stm32f4xx_hal_rcc.o
                0x08001a84                HAL_RCC_GetHCLKFreq
 .text.__libc_init_array
                0x08001a90       0x48 c:/ac6/systemworkbench/plugins/fr.ac6.mcu.externaltools.arm-none.win32_1.16.0.201807130628/tools/compiler/bin/../lib/gcc/arm-none-eabi/7.2.1/../../../../arm-none-eabi/lib/thumb/v7e-m/fpv4-sp/hard\libc_nano.a(lib_a-init.o)
                0x08001a90                __libc_init_array
 *(.glue_7)
 .glue_7        0x08001ad8        0x0 linker stubs
 *(.glue_7t)
 .glue_7t       0x08001ad8        0x0 linker stubs
 *(.eh_frame)
 .eh_frame      0x08001ad8        0x0 c:/ac6/systemworkbench/plugins/fr.ac6.mcu.externaltools.arm-none.win32_1.16.0.201807130628/tools/compiler/bin/../lib/gcc/arm-none-eabi/7.2.1/thumb/v7e-m/fpv4-sp/hard/crtbegin.o
 *(.init)
 .init          0x08001ad8        0x4 c:/ac6/systemworkbench/plugins/fr.ac6.mcu.externaltools.arm-none.win32_1.16.0.201807130628/tools/compiler/bin/../lib/gcc/arm-none-eabi/7.2.1/thumb/v7e-m/fpv4-sp/hard/crti.o
                0x08001ad8                _init
 .init          0x08001adc        0x8 c:/ac6/systemworkbench/plugins/fr.ac6.mcu.externaltools.arm-none.win32_1.16.0.201807130628/tools/compiler/bin/../lib/gcc/arm-none-eabi/7.2.1/thumb/v7e-m/fpv4-sp/hard/crtn.o
 *(.fini)
 .fini          0x08001ae4        0x4 c:/ac6/systemworkbench/plugins/fr.ac6.mcu.externaltools.arm-none.win32_1.16.0.201807130628/tools/compiler/bin/../lib/gcc/arm-none-eabi/7.2.1/thumb/v7e-m/fpv4-sp/hard/crti.o
                0x08001ae4                _fini
 .fini          0x08001ae8        0x8 c:/ac6/systemworkbench/plugins/fr.ac6.mcu.externaltools.arm-none.win32_1.16.0.201807130628/tools/compiler/bin/../lib/gcc/arm-none-eabi/7.2.1/thumb/v7e-m/fpv4-sp/hard/crtn.o
                0x08001af0                . = ALIGN (0x4)
                0x08001af0                _etext = .

.vfp11_veneer   0x08001af0        0x0
 .vfp11_veneer  0x08001af0        0x0 linker stubs

.v4_bx          0x08001af0        0x0
 .v4_bx         0x08001af0        0x0 linker stubs

.iplt           0x08001af0        0x0
 .iplt          0x08001af0        0x0 c:/ac6/systemworkbench/plugins/fr.ac6.mcu.externaltools.arm-none.win32_1.16.0.201807130628/tools/compiler/bin/../lib/gcc/arm-none-eabi/7.2.1/thumb/v7e-m/fpv4-sp/hard/crtbegin.o

.rodata         0x08001af0       0x54
                0x08001af0                . = ALIGN (0x4)
 *(.rodata)
 .rodata        0x08001af0       0x18 Drivers/CMSIS/system_stm32f4xx.o
                0x08001af0                AHBPrescTable
                0x08001b00                APBPrescTable
 *(.rodata*)
 .rodata.str1.4
                0x08001b08       0x1c Application/User/can.o
 .rodata.str1.4
                0x08001b24       0x20 Application/User/main.o
                                 0x1d (size before relaxing)
                0x08001b44                . = ALIGN (0x4)

.ARM.extab
 *(.ARM.extab* .gnu.linkonce.armextab.*)

.ARM            0x08001b44        0x8
                0x08001b44                __exidx_start = .
 *(.ARM.exidx*)
 .ARM.exidx     0x08001b44        0x8 c:/ac6/systemworkbench/plugins/fr.ac6.mcu.externaltools.arm-none.win32_1.16.0.201807130628/tools/compiler/bin/../lib/gcc/arm-none-eabi/7.2.1/thumb/v7e-m/fpv4-sp/hard\libgcc.a(_udivmoddi4.o)
                0x08001b4c                __exidx_end = .

.rel.dyn        0x08001b4c        0x0
 .rel.iplt      0x08001b4c        0x0 c:/ac6/systemworkbench/plugins/fr.ac6.mcu.externaltools.arm-none.win32_1.16.0.201807130628/tools/compiler/bin/../lib/gcc/arm-none-eabi/7.2.1/thumb/v7e-m/fpv4-sp/hard/crtbegin.o

.preinit_array  0x08001b4c        0x0
                0x08001b4c                PROVIDE (__preinit_array_start, .)
 *(.preinit_array*)
                0x08001b4c                PROVIDE (__preinit_array_end, .)

.init_array     0x08001b4c        0x4
                0x08001b4c                PROVIDE (__init_array_start, .)
 *(SORT_BY_NAME(.init_array.*))
 *(.init_array*)
 .init_array    0x08001b4c        0x4 c:/ac6/systemworkbench/plugins/fr.ac6.mcu.externaltools.arm-none.win32_1.16.0.201807130628/tools/compiler/bin/../lib/gcc/arm-none-eabi/7.2.1/thumb/v7e-m/fpv4-sp/hard/crtbegin.o
                0x08001b50                PROVIDE (__init_array_end, .)

.fini_array     0x08001b50        0x4
                [!provide]                PROVIDE (__fini_array_start, .)
 *(SORT_BY_NAME(.fini_array.*))
 *(.fini_array*)
 .fini_array    0x08001b50        0x4 c:/ac6/systemworkbench/plugins/fr.ac6.mcu.externaltools.arm-none.win32_1.16.0.201807130628/tools/compiler/bin/../lib/gcc/arm-none-eabi/7.2.1/thumb/v7e-m/fpv4-sp/hard/crtbegin.o
                [!provide]                PROVIDE (__fini_array_end, .)
                0x08001b54                _sidata = LOADADDR (.data)

.data           0x20000000        0xc load address 0x08001b54
                0x20000000                . = ALIGN (0x4)
                0x20000000                _sdata = .
 *(.data)
 .data          0x20000000        0x4 Drivers/CMSIS/system_stm32f4xx.o
                0x20000000                SystemCoreClock
 .data          0x20000004        0x8 Drivers/STM32F4xx_HAL_Driver/stm32f4xx_hal.o
                0x20000004                uwTickFreq
                0x20000008                uwTickPrio
 *(.data*)
                0x2000000c                . = ALIGN (0x4)
                0x2000000c                _edata = .
                0x08001b60                _siccmram = LOADADDR (.ccmram)

.igot.plt       0x2000000c        0x0 load address 0x08001b60
 .igot.plt      0x2000000c        0x0 c:/ac6/systemworkbench/plugins/fr.ac6.mcu.externaltools.arm-none.win32_1.16.0.201807130628/tools/compiler/bin/../lib/gcc/arm-none-eabi/7.2.1/thumb/v7e-m/fpv4-sp/hard/crtbegin.o

.ccmram         0x10000000        0x0 load address 0x08001b60
                0x10000000                . = ALIGN (0x4)
                0x10000000                _sccmram = .
 *(.ccmram)
 *(.ccmram*)
                0x10000000                . = ALIGN (0x4)
                0x10000000                _eccmram = .
                0x10000000                . = ALIGN (0x4)

.bss            0x2000000c       0xb8
                0x2000000c                _sbss = .
                0x2000000c                __bss_start__ = _sbss
 *(.bss)
 .bss           0x2000000c       0x1c c:/ac6/systemworkbench/plugins/fr.ac6.mcu.externaltools.arm-none.win32_1.16.0.201807130628/tools/compiler/bin/../lib/gcc/arm-none-eabi/7.2.1/thumb/v7e-m/fpv4-sp/hard/crtbegin.o
 *(.bss*)
 *(COMMON)
 COMMON         0x20000028       0x98 Application/User/can.o
                0x20000028                sFilterConfig
                0x20000050                TxData
                0x20000058                TxMailbox
                0x2000005c                RxData
                0x20000064                hcan1
                0x2000008c                TxHeader
                0x200000a4                RxHeader
 COMMON         0x200000c0        0x4 Drivers/STM32F4xx_HAL_Driver/stm32f4xx_hal.o
                0x200000c0                uwTick
                0x200000c4                . = ALIGN (0x4)
                0x200000c4                _ebss = .
                0x200000c4                __bss_end__ = _ebss

._user_heap_stack
                0x200000c4      0x604
                0x200000c8                . = ALIGN (0x8)
 *fill*         0x200000c4        0x4 
                [!provide]                PROVIDE (end, .)
                [!provide]                PROVIDE (_end, .)
                0x200002c8                . = (. + _Min_Heap_Size)
 *fill*         0x200000c8      0x200 
                0x200006c8                . = (. + _Min_Stack_Size)
 *fill*         0x200002c8      0x400 
                0x200006c8                . = ALIGN (0x8)

/DISCARD/
 libc.a(*)
 libm.a(*)
 libgcc.a(*)

.ARM.attributes
                0x00000000       0x30
 *(.ARM.attributes)
 .ARM.attributes
                0x00000000       0x22 c:/ac6/systemworkbench/plugins/fr.ac6.mcu.externaltools.arm-none.win32_1.16.0.201807130628/tools/compiler/bin/../lib/gcc/arm-none-eabi/7.2.1/thumb/v7e-m/fpv4-sp/hard/crti.o
 .ARM.attributes
                0x00000022       0x34 c:/ac6/systemworkbench/plugins/fr.ac6.mcu.externaltools.arm-none.win32_1.16.0.201807130628/tools/compiler/bin/../lib/gcc/arm-none-eabi/7.2.1/thumb/v7e-m/fpv4-sp/hard/crtbegin.o
 .ARM.attributes
                0x00000056       0x21 Application/SW4STM32/startup_stm32f407xx.o
 .ARM.attributes
                0x00000077       0x39 Application/User/can.o
 .ARM.attributes
                0x000000b0       0x39 Application/User/gpio.o
 .ARM.attributes
                0x000000e9       0x39 Application/User/main.o
 .ARM.attributes
                0x00000122       0x39 Application/User/stm32f4xx_hal_msp.o
 .ARM.attributes
                0x0000015b       0x39 Application/User/stm32f4xx_it.o
 .ARM.attributes
                0x00000194       0x39 Drivers/CMSIS/system_stm32f4xx.o
 .ARM.attributes
                0x000001cd       0x39 Drivers/STM32F4xx_HAL_Driver/stm32f4xx_hal.o
 .ARM.attributes
                0x00000206       0x39 Drivers/STM32F4xx_HAL_Driver/stm32f4xx_hal_can.o
 .ARM.attributes
                0x0000023f       0x39 Drivers/STM32F4xx_HAL_Driver/stm32f4xx_hal_cortex.o
 .ARM.attributes
                0x00000278       0x39 Drivers/STM32F4xx_HAL_Driver/stm32f4xx_hal_gpio.o
 .ARM.attributes
                0x000002b1       0x39 Drivers/STM32F4xx_HAL_Driver/stm32f4xx_hal_rcc.o
 .ARM.attributes
                0x000002ea       0x22 c:/ac6/systemworkbench/plugins/fr.ac6.mcu.externaltools.arm-none.win32_1.16.0.201807130628/tools/compiler/bin/../lib/gcc/arm-none-eabi/7.2.1/thumb/v7e-m/fpv4-sp/hard\libgcc.a(_aeabi_uldivmod.o)
 .ARM.attributes
                0x0000030c       0x34 c:/ac6/systemworkbench/plugins/fr.ac6.mcu.externaltools.arm-none.win32_1.16.0.201807130628/tools/compiler/bin/../lib/gcc/arm-none-eabi/7.2.1/thumb/v7e-m/fpv4-sp/hard\libgcc.a(_udivmoddi4.o)
 .ARM.attributes
                0x00000340       0x22 c:/ac6/systemworkbench/plugins/fr.ac6.mcu.externaltools.arm-none.win32_1.16.0.201807130628/tools/compiler/bin/../lib/gcc/arm-none-eabi/7.2.1/thumb/v7e-m/fpv4-sp/hard\libgcc.a(_dvmd_tls.o)
 .ARM.attributes
                0x00000362       0x34 c:/ac6/systemworkbench/plugins/fr.ac6.mcu.externaltools.arm-none.win32_1.16.0.201807130628/tools/compiler/bin/../lib/gcc/arm-none-eabi/7.2.1/../../../../arm-none-eabi/lib/thumb/v7e-m/fpv4-sp/hard\libc_nano.a(lib_a-init.o)
 .ARM.attributes
                0x00000396       0x22 c:/ac6/systemworkbench/plugins/fr.ac6.mcu.externaltools.arm-none.win32_1.16.0.201807130628/tools/compiler/bin/../lib/gcc/arm-none-eabi/7.2.1/thumb/v7e-m/fpv4-sp/hard/crtn.o
OUTPUT(test_11.elf elf32-littlearm)

.debug_line     0x00000000     0x5e43
 .debug_line    0x00000000       0x8f Application/SW4STM32/startup_stm32f407xx.o
 .debug_line    0x0000008f      0x7c8 Application/User/can.o
 .debug_line    0x00000857      0x729 Application/User/gpio.o
 .debug_line    0x00000f80      0x76d Application/User/main.o
 .debug_line    0x000016ed      0x72a Application/User/stm32f4xx_hal_msp.o
 .debug_line    0x00001e17      0x775 Application/User/stm32f4xx_it.o
 .debug_line    0x0000258c      0x754 Drivers/CMSIS/system_stm32f4xx.o
 .debug_line    0x00002ce0      0x90d Drivers/STM32F4xx_HAL_Driver/stm32f4xx_hal.o
 .debug_line    0x000035ed      0xc9a Drivers/STM32F4xx_HAL_Driver/stm32f4xx_hal_can.o
 .debug_line    0x00004287      0x968 Drivers/STM32F4xx_HAL_Driver/stm32f4xx_hal_cortex.o
 .debug_line    0x00004bef      0x8b0 Drivers/STM32F4xx_HAL_Driver/stm32f4xx_hal_gpio.o
 .debug_line    0x0000549f      0x9a4 Drivers/STM32F4xx_HAL_Driver/stm32f4xx_hal_rcc.o

.debug_info     0x00000000     0xc652
 .debug_info    0x00000000       0x22 Application/SW4STM32/startup_stm32f407xx.o
 .debug_info    0x00000022     0x178a Application/User/can.o
 .debug_info    0x000017ac      0xcd2 Application/User/gpio.o
 .debug_info    0x0000247e     0x154e Application/User/main.o
 .debug_info    0x000039cc      0xe65 Application/User/stm32f4xx_hal_msp.o
 .debug_info    0x00004831      0xd9e Application/User/stm32f4xx_it.o
 .debug_info    0x000055cf      0xd29 Drivers/CMSIS/system_stm32f4xx.o
 .debug_info    0x000062f8     0x11d9 Drivers/STM32F4xx_HAL_Driver/stm32f4xx_hal.o
 .debug_info    0x000074d1     0x183e Drivers/STM32F4xx_HAL_Driver/stm32f4xx_hal_can.o
 .debug_info    0x00008d0f     0x1755 Drivers/STM32F4xx_HAL_Driver/stm32f4xx_hal_cortex.o
 .debug_info    0x0000a464      0xf93 Drivers/STM32F4xx_HAL_Driver/stm32f4xx_hal_gpio.o
 .debug_info    0x0000b3f7     0x125b Drivers/STM32F4xx_HAL_Driver/stm32f4xx_hal_rcc.o

.debug_abbrev   0x00000000     0x1da2
 .debug_abbrev  0x00000000       0x12 Application/SW4STM32/startup_stm32f407xx.o
 .debug_abbrev  0x00000012      0x28c Application/User/can.o
 .debug_abbrev  0x0000029e      0x22b Application/User/gpio.o
 .debug_abbrev  0x000004c9      0x297 Application/User/main.o
 .debug_abbrev  0x00000760      0x234 Application/User/stm32f4xx_hal_msp.o
 .debug_abbrev  0x00000994      0x23d Application/User/stm32f4xx_it.o
 .debug_abbrev  0x00000bd1      0x205 Drivers/CMSIS/system_stm32f4xx.o
 .debug_abbrev  0x00000dd6      0x2e5 Drivers/STM32F4xx_HAL_Driver/stm32f4xx_hal.o
 .debug_abbrev  0x000010bb      0x337 Drivers/STM32F4xx_HAL_Driver/stm32f4xx_hal_can.o
 .debug_abbrev  0x000013f2      0x3d6 Drivers/STM32F4xx_HAL_Driver/stm32f4xx_hal_cortex.o
 .debug_abbrev  0x000017c8      0x2a7 Drivers/STM32F4xx_HAL_Driver/stm32f4xx_hal_gpio.o
 .debug_abbrev  0x00001a6f      0x333 Drivers/STM32F4xx_HAL_Driver/stm32f4xx_hal_rcc.o

.debug_aranges  0x00000000      0x4e8
 .debug_aranges
                0x00000000       0x28 Application/SW4STM32/startup_stm32f407xx.o
 .debug_aranges
                0x00000028       0x48 Application/User/can.o
 .debug_aranges
                0x00000070       0x20 Application/User/gpio.o
 .debug_aranges
                0x00000090       0x30 Application/User/main.o
 .debug_aranges
                0x000000c0       0x20 Application/User/stm32f4xx_hal_msp.o
 .debug_aranges
                0x000000e0       0x40 Application/User/stm32f4xx_it.o
 .debug_aranges
                0x00000120       0x28 Drivers/CMSIS/system_stm32f4xx.o
 .debug_aranges
                0x00000148       0xe0 Drivers/STM32F4xx_HAL_Driver/stm32f4xx_hal.o
 .debug_aranges
                0x00000228      0x138 Drivers/STM32F4xx_HAL_Driver/stm32f4xx_hal_can.o
 .debug_aranges
                0x00000360       0xa8 Drivers/STM32F4xx_HAL_Driver/stm32f4xx_hal_cortex.o
 .debug_aranges
                0x00000408       0x58 Drivers/STM32F4xx_HAL_Driver/stm32f4xx_hal_gpio.o
 .debug_aranges
                0x00000460       0x88 Drivers/STM32F4xx_HAL_Driver/stm32f4xx_hal_rcc.o

.debug_str      0x00000000    0xbcd95
 .debug_str     0x00000000       0x69 Application/SW4STM32/startup_stm32f407xx.o
 .debug_str     0x00000069    0xbb89e Application/User/can.o
                              0xbbc15 (size before relaxing)
 .debug_str     0x000bb907       0x58 Application/User/gpio.o
                              0xbb214 (size before relaxing)
 .debug_str     0x000bb95f      0x1b1 Application/User/main.o
                              0xbbb2c (size before relaxing)
 .debug_str     0x000bbb10       0x53 Application/User/stm32f4xx_hal_msp.o
                              0xbb679 (size before relaxing)
 .debug_str     0x000bbb63       0xbf Application/User/stm32f4xx_it.o
                              0xbb37f (size before relaxing)
 .debug_str     0x000bbc22       0xce Drivers/CMSIS/system_stm32f4xx.o
                              0xbb1ea (size before relaxing)
 .debug_str     0x000bbcf0      0x5d5 Drivers/STM32F4xx_HAL_Driver/stm32f4xx_hal.o
                              0xbbd59 (size before relaxing)
 .debug_str     0x000bc2c5      0x3aa Drivers/STM32F4xx_HAL_Driver/stm32f4xx_hal_can.o
                              0xbb8f8 (size before relaxing)
 .debug_str     0x000bc66f      0x33c Drivers/STM32F4xx_HAL_Driver/stm32f4xx_hal_cortex.o
                              0xbba9b (size before relaxing)
 .debug_str     0x000bc9ab      0x1c7 Drivers/STM32F4xx_HAL_Driver/stm32f4xx_hal_gpio.o
                              0xbb42e (size before relaxing)
 .debug_str     0x000bcb72      0x223 Drivers/STM32F4xx_HAL_Driver/stm32f4xx_hal_rcc.o
                              0xbb5f8 (size before relaxing)

.debug_ranges   0x00000000      0x4a8
 .debug_ranges  0x00000000       0x20 Application/SW4STM32/startup_stm32f407xx.o
 .debug_ranges  0x00000020       0x38 Application/User/can.o
 .debug_ranges  0x00000058       0x10 Application/User/gpio.o
 .debug_ranges  0x00000068       0x20 Application/User/main.o
 .debug_ranges  0x00000088       0x10 Application/User/stm32f4xx_hal_msp.o
 .debug_ranges  0x00000098       0x30 Application/User/stm32f4xx_it.o
 .debug_ranges  0x000000c8       0x18 Drivers/CMSIS/system_stm32f4xx.o
 .debug_ranges  0x000000e0       0xd0 Drivers/STM32F4xx_HAL_Driver/stm32f4xx_hal.o
 .debug_ranges  0x000001b0      0x128 Drivers/STM32F4xx_HAL_Driver/stm32f4xx_hal_can.o
 .debug_ranges  0x000002d8       0xf8 Drivers/STM32F4xx_HAL_Driver/stm32f4xx_hal_cortex.o
 .debug_ranges  0x000003d0       0x48 Drivers/STM32F4xx_HAL_Driver/stm32f4xx_hal_gpio.o
 .debug_ranges  0x00000418       0x90 Drivers/STM32F4xx_HAL_Driver/stm32f4xx_hal_rcc.o

.debug_loc      0x00000000     0x1c4f
 .debug_loc     0x00000000       0x9d Application/User/can.o
 .debug_loc     0x0000009d      0x13e Drivers/CMSIS/system_stm32f4xx.o
 .debug_loc     0x000001db       0xfd Drivers/STM32F4xx_HAL_Driver/stm32f4xx_hal.o
 .debug_loc     0x000002d8      0xb4f Drivers/STM32F4xx_HAL_Driver/stm32f4xx_hal_can.o
 .debug_loc     0x00000e27      0x5ce Drivers/STM32F4xx_HAL_Driver/stm32f4xx_hal_cortex.o
 .debug_loc     0x000013f5      0x469 Drivers/STM32F4xx_HAL_Driver/stm32f4xx_hal_gpio.o
 .debug_loc     0x0000185e      0x3f1 Drivers/STM32F4xx_HAL_Driver/stm32f4xx_hal_rcc.o

.debug_macro    0x00000000    0x2073e
 .debug_macro   0x00000000      0x321 Application/User/can.o
 .debug_macro   0x00000321      0xa60 Application/User/can.o
 .debug_macro   0x00000d81       0x4c Application/User/can.o
 .debug_macro   0x00000dcd      0x17a Application/User/can.o
 .debug_macro   0x00000f47       0x32 Application/User/can.o
 .debug_macro   0x00000f79       0x2f Application/User/can.o
 .debug_macro   0x00000fa8       0x22 Application/User/can.o
 .debug_macro   0x00000fca       0x87 Application/User/can.o
 .debug_macro   0x00001051       0x51 Application/User/can.o
 .debug_macro   0x000010a2       0xef Application/User/can.o
 .debug_macro   0x00001191       0x6a Application/User/can.o
 .debug_macro   0x000011fb      0x1df Application/User/can.o
 .debug_macro   0x000013da       0x35 Application/User/can.o
 .debug_macro   0x0000140f       0x50 Application/User/can.o
 .debug_macro   0x0000145f      0xe66 Application/User/can.o
 .debug_macro   0x000022c5    0x15d08 Application/User/can.o
 .debug_macro   0x00017fcd       0x43 Application/User/can.o
 .debug_macro   0x00018010     0x3535 Application/User/can.o
 .debug_macro   0x0001b545       0x58 Application/User/can.o
 .debug_macro   0x0001b59d       0x17 Application/User/can.o
 .debug_macro   0x0001b5b4       0x35 Application/User/can.o
 .debug_macro   0x0001b5e9       0x9c Application/User/can.o
 .debug_macro   0x0001b685       0x16 Application/User/can.o
 .debug_macro   0x0001b69b       0x97 Application/User/can.o
 .debug_macro   0x0001b732      0x330 Application/User/can.o
 .debug_macro   0x0001ba62       0xfd Application/User/can.o
 .debug_macro   0x0001bb5f       0x10 Application/User/can.o
 .debug_macro   0x0001bb6f       0x58 Application/User/can.o
 .debug_macro   0x0001bbc7       0x1f Application/User/can.o
 .debug_macro   0x0001bbe6       0x43 Application/User/can.o
 .debug_macro   0x0001bc29       0x20 Application/User/can.o
 .debug_macro   0x0001bc49      0x18e Application/User/can.o
 .debug_macro   0x0001bdd7       0x10 Application/User/can.o
 .debug_macro   0x0001bde7       0x1c Application/User/can.o
 .debug_macro   0x0001be03       0x52 Application/User/can.o
 .debug_macro   0x0001be55       0x40 Application/User/can.o
 .debug_macro   0x0001be95       0x10 Application/User/can.o
 .debug_macro   0x0001bea5       0x40 Application/User/can.o
 .debug_macro   0x0001bee5       0xd7 Application/User/can.o
 .debug_macro   0x0001bfbc       0x1c Application/User/can.o
 .debug_macro   0x0001bfd8       0x3d Application/User/can.o
 .debug_macro   0x0001c015       0x16 Application/User/can.o
 .debug_macro   0x0001c02b      0x16f Application/User/can.o
 .debug_macro   0x0001c19a       0x50 Application/User/can.o
 .debug_macro   0x0001c1ea      0x96b Application/User/can.o
 .debug_macro   0x0001cb55      0xa02 Application/User/can.o
 .debug_macro   0x0001d557      0x11e Application/User/can.o
 .debug_macro   0x0001d675      0x13e Application/User/can.o
 .debug_macro   0x0001d7b3       0x27 Application/User/can.o
 .debug_macro   0x0001d7da      0x287 Application/User/can.o
 .debug_macro   0x0001da61       0x5f Application/User/can.o
 .debug_macro   0x0001dac0      0x23a Application/User/can.o
 .debug_macro   0x0001dcfa      0x3f3 Application/User/can.o
 .debug_macro   0x0001e0ed      0x133 Application/User/can.o
 .debug_macro   0x0001e220      0x21e Application/User/can.o
 .debug_macro   0x0001e43e       0x2e Application/User/can.o
 .debug_macro   0x0001e46c      0x11e Application/User/can.o
 .debug_macro   0x0001e58a       0x7f Application/User/can.o
 .debug_macro   0x0001e609       0x89 Application/User/can.o
 .debug_macro   0x0001e692      0x134 Application/User/can.o
 .debug_macro   0x0001e7c6      0x317 Application/User/gpio.o
 .debug_macro   0x0001eadd      0x325 Application/User/main.o
 .debug_macro   0x0001ee02      0x30d Application/User/stm32f4xx_hal_msp.o
 .debug_macro   0x0001f10f      0x317 Application/User/stm32f4xx_it.o
 .debug_macro   0x0001f426      0x313 Drivers/CMSIS/system_stm32f4xx.o
 .debug_macro   0x0001f739      0x36d Drivers/STM32F4xx_HAL_Driver/stm32f4xx_hal.o
 .debug_macro   0x0001faa6      0x315 Drivers/STM32F4xx_HAL_Driver/stm32f4xx_hal_can.o
 .debug_macro   0x0001fdbb      0x30d Drivers/STM32F4xx_HAL_Driver/stm32f4xx_hal_cortex.o
 .debug_macro   0x000200c8      0x345 Drivers/STM32F4xx_HAL_Driver/stm32f4xx_hal_gpio.o
 .debug_macro   0x0002040d      0x331 Drivers/STM32F4xx_HAL_Driver/stm32f4xx_hal_rcc.o

.comment        0x00000000       0x7e
 .comment       0x00000000       0x7e Application/User/can.o
                                 0x7f (size before relaxing)
 .comment       0x0000007e       0x7f Application/User/gpio.o
 .comment       0x0000007e       0x7f Application/User/main.o
 .comment       0x0000007e       0x7f Application/User/stm32f4xx_hal_msp.o
 .comment       0x0000007e       0x7f Application/User/stm32f4xx_it.o
 .comment       0x0000007e       0x7f Drivers/CMSIS/system_stm32f4xx.o
 .comment       0x0000007e       0x7f Drivers/STM32F4xx_HAL_Driver/stm32f4xx_hal.o
 .comment       0x0000007e       0x7f Drivers/STM32F4xx_HAL_Driver/stm32f4xx_hal_can.o
 .comment       0x0000007e       0x7f Drivers/STM32F4xx_HAL_Driver/stm32f4xx_hal_cortex.o
 .comment       0x0000007e       0x7f Drivers/STM32F4xx_HAL_Driver/stm32f4xx_hal_gpio.o
 .comment       0x0000007e       0x7f Drivers/STM32F4xx_HAL_Driver/stm32f4xx_hal_rcc.o

.debug_frame    0x00000000      0xb00
 .debug_frame   0x00000000       0xa8 Application/User/can.o
 .debug_frame   0x000000a8       0x34 Application/User/gpio.o
 .debug_frame   0x000000dc       0x58 Application/User/main.o
 .debug_frame   0x00000134       0x30 Application/User/stm32f4xx_hal_msp.o
 .debug_frame   0x00000164       0x78 Application/User/stm32f4xx_it.o
 .debug_frame   0x000001dc       0x30 Drivers/CMSIS/system_stm32f4xx.o
 .debug_frame   0x0000020c      0x1cc Drivers/STM32F4xx_HAL_Driver/stm32f4xx_hal.o
 .debug_frame   0x000003d8      0x2e4 Drivers/STM32F4xx_HAL_Driver/stm32f4xx_hal_can.o
 .debug_frame   0x000006bc      0x15c Drivers/STM32F4xx_HAL_Driver/stm32f4xx_hal_cortex.o
 .debug_frame   0x00000818       0xd8 Drivers/STM32F4xx_HAL_Driver/stm32f4xx_hal_gpio.o
 .debug_frame   0x000008f0      0x184 Drivers/STM32F4xx_HAL_Driver/stm32f4xx_hal_rcc.o
 .debug_frame   0x00000a74       0x2c c:/ac6/systemworkbench/plugins/fr.ac6.mcu.externaltools.arm-none.win32_1.16.0.201807130628/tools/compiler/bin/../lib/gcc/arm-none-eabi/7.2.1/thumb/v7e-m/fpv4-sp/hard\libgcc.a(_aeabi_uldivmod.o)
 .debug_frame   0x00000aa0       0x34 c:/ac6/systemworkbench/plugins/fr.ac6.mcu.externaltools.arm-none.win32_1.16.0.201807130628/tools/compiler/bin/../lib/gcc/arm-none-eabi/7.2.1/thumb/v7e-m/fpv4-sp/hard\libgcc.a(_udivmoddi4.o)
 .debug_frame   0x00000ad4       0x2c c:/ac6/systemworkbench/plugins/fr.ac6.mcu.externaltools.arm-none.win32_1.16.0.201807130628/tools/compiler/bin/../lib/gcc/arm-none-eabi/7.2.1/../../../../arm-none-eabi/lib/thumb/v7e-m/fpv4-sp/hard\libc_nano.a(lib_a-init.o)
